 z-matrix from HR            1  point            8
  n1                                                         
  h2 n1 R1                                                   
  h3 n1 R2 h2 A2                                             
  h4 n1 R3 h2 A3 h3 D3                                       
  X111    4 2.    1 90.    2 180.                            
   O99         4 rts    5 aabs1    1 babs1                   
   H100    O99     R101        4 aabs2    5 babs2            
 R1                               1.0174000000000001     
 R2                               1.0168999999999999     
 A2                               108.58560000000000     
 A3                               108.39700000000001     
 D3                               121.77520000000000     
 R101                            0.97360000000000002     
 AABS1                            109.19570000000000     
 BABS1                            214.52150000000000     
 AABS2                            104.74880000000000     
 R3                               1.0633999999999999     
 RTS                              1.4067000000000001     
 BABS2                            29.997699999999998     
