
Mech1 reaction dct
(('InChI=1S/CH3/h1H3', 'InChI=1S/H'), ('InChI=1S/CH4/h1H4',))
CH3(1)+H(1)=CH4(1)       1.00e+12  1.00  20.0
(('InChI=1S/O', 'InChI=1S/H'), ('InChI=1S/HO/h1H',))
O(1)+H(1)=OH(1)          1.00e+6   1.00  25.0
LOW/   3.50e+4   1.00  20.0 /
TROE/   5.00e-1   15.0  9.0e+4 9.0e+4 /
(('InChI=1S/H',), ('InChI=1S/CH3/h1H3', 'InChI=1S/O'))
H(1)=CH3(1)+O(1)         1.00e+4   1.00  20.0
(('InChI=1S/CH4/h1H4', 'InChI=1S/H'), ('InChI=1S/CH3/h1H3', 'InChI=1S/O'))
CH4(1)+H(1)=CH3(1)+O(1)  3.00e+4   1.00  20.0
LOW/   3.50e+4   1.00  20.0 /
(('InChI=1S/CH3/h1H3',), ('InChI=1S/CH4/h1H4',))
CH3(1)=CH4(1)            5.00e+4   1.00  20.0
TCHEB/ 300.000   2200.000 /
PCHEB/ 0.010     98.702   /
CHEB/ 6 4/
CHEB/ 8.684e+00    7.500e-01    -7.486e-02   1.879e-15   /
CHEB/ -2.159e-01   9.899e-02    2.292e-02    2.929e-17   /
CHEB/ -1.557e-15   -3.331e-16   3.324e-17    -8.346e-31  /
CHEB/ 2.159e-01    -9.899e-02   -2.292e-02   -2.929e-17  /
CHEB/ -2.684e+00   -7.500e-01   7.486e-02    -1.879e-15  /
CHEB/ 2.159e-01    -9.899e-02   -2.292e-02   -2.929e-17  /
(('InChI=1S/O',), ('InChI=1S/H',))
O(1)=H(1)                5.00e+4   1.00  20.0
PLOG/      0.1     1.550E-008     2.930      8768.0/
PLOG/      2.0     1.770E+003     0.340     18076.0/
PLOG/      6.0     2.020E+013    -1.870     22755.0/
(('InChI=1S/O',), ('InChI=1S/CH3/h1H3',))
O(1)=CH3(1)                5.00e+4   1.00  20.0
PLOG/      0.1     1.550E-008     2.930      8768.0/
PLOG/      2.0     1.770E+003     0.340     18076.0/
PLOG/      6.0     2.020E+013    -1.870     22755.0/


Mech2 reaction dct
(('InChI=1S/CH3/h1H3', 'InChI=1S/H'), ('InChI=1S/CH4/h1H4',))
CH3(2)+H(2)=CH4(2)      2.00e+12  1.00  20.0
(('InChI=1S/O', 'InChI=1S/H'), ('InChI=1S/HO/h1H',))
O(2)+H(2)=OH(2)         3.00e+6   1.00  20.0
LOW/   3.50e+4   1.00  20.0 /
TROE/   5.00e-1   15.0  9.0e+4 9.0e+4 /
(('InChI=1S/CH3/h1H3', 'InChI=1S/O'), ('InChI=1S/H',))
CH3(2)+O(2)=H(2)        4.00e+4   1.00  20.0
(('InChI=1S/CH4/h1H4', 'InChI=1S/H'), ('InChI=1S/CH3/h1H3', 'InChI=1S/O'))
CH4(2)+H(2)=CH3(2)+O(2)  4.00e+4   1.00  20.0
LOW/  4.50e+4   1.00  20.0 /
(('InChI=1S/CH3/h1H3',), ('InChI=1S/CH4/h1H4',))
CH3(2)=CH4(2)            5.00e+4   1.00  20.0
TCHEB/ 300.000   2200.000 /
PCHEB/ 0.010     98.702   /
CHEB/ 6 4/
CHEB/ 8.684e+00    7.500e-01    -7.486e-02   1.879e-15   /
CHEB/ -2.159e-01   9.899e-02    2.292e-02    2.929e-17   /
CHEB/ -1.557e-15   -3.331e-16   3.324e-17    -8.346e-31  /
CHEB/ 2.159e-01    -9.899e-02   -2.292e-02   -2.929e-17  /
CHEB/ -2.684e+00   -7.500e-01   7.486e-02    -1.879e-15  /
CHEB/ 2.159e-01    -9.899e-02   -2.292e-02   -2.929e-17  /
(('InChI=1S/O',), ('InChI=1S/H',))
O(2)=H(2)                5.00e+4   1.00  20.0
PLOG/      0.1     1.550E-008     2.930      8768.0/
PLOG/      2.0     1.770E+003     0.340     18076.0/
PLOG/      6.0     2.020E+013    -1.870     22755.0/
(('InChI=1S/O',), ('InChI=1S/CH3/h1H3',))
O(2)=CH3(2)         3.00e+6   1.00  20.0
LOW/   3.50e+4   1.00  20.0 /
TROE/   5.00e-1   15.0  9.0e+4 9.0e+4 /


Mech1 Units
('cal/mole', 'moles')


Mech2 Units
('cal/mole', 'moles')


ktp dct
(('InChI=1S/CH3/h1H3', 'InChI=1S/H'), ('InChI=1S/CH4/h1H4',))
Pressure:  high high
Mech1 ks:  [4.90036225e+14 9.89986086e+14 1.48996930e+15]
Mech2 ks:  [9.80072450e+14 1.97997217e+15 2.97993860e+15]
 
(('InChI=1S/O', 'InChI=1S/H'), ('InChI=1S/HO/h1H',))
Pressure:  high high
Mech1 ks:  [4.87576461e+08 9.87498315e+08 1.48747212e+09]
Mech2 ks:  [1.47010868e+09 2.96995826e+09 4.46990789e+09]
 
Pressure:  1.0 1.0
Mech1 ks:  [12541863.03577182 13446134.0814305  13829792.05195677]
Mech2 ks:  [13717196.77437658 14326080.58142913 14582722.86494192]
 
Pressure:  4.0 4.0
Mech1 ks:  [39758160.69823755 46041129.87854999 48827344.37047262]
Mech2 ks:  [48529756.74382985 52565308.3458662  54287101.61228671]
 
Pressure:  5.0 5.0
Mech1 ks:  [46849677.31955346 55348263.51680418 59182627.93618946]
Mech2 ks:  [58846923.31465621 64368769.04152604 66734457.55586609]
 
(('InChI=1S/H',), ('InChI=1S/CH3/h1H3', 'InChI=1S/O'))
Pressure:  high high
Mech1 ks:  [ 4900362.25067979  9899860.85829472 14899692.9792883 ]
Mech2 ks:  [1.1728665382359616e+66, 1.761041774639838e+48, 3.4226694152638057e+43]
 
(('InChI=1S/CH4/h1H4', 'InChI=1S/H'), ('InChI=1S/CH3/h1H3', 'InChI=1S/O'))
Pressure:  high high
Mech1 ks:  [14701086.75203937 29699582.57488415 44699078.93786491]
Mech2 ks:  [19601449.00271916 39599443.43317886 59598771.91715322]
 
Pressure:  1.0 1.0
Mech1 ks:  [ 7939413.7938943  10986344.66172811 12573662.26148697]
Mech2 ks:  [10408575.45778667 14314411.96015263 16330194.8682706 ]
 
Pressure:  4.0 4.0
Mech1 ks:  [12120461.76290346 20829687.49648852 27276421.92656088]
Mech2 ks:  [16056226.57699599 27469074.24904177 35851011.20365728]
 
Pressure:  5.0 5.0
Mech1 ks:  [12561469.17691256 22152897.16118149 29582538.44190802]
Mech2 ks:  [16658827.42095216 29261809.29246411 38955453.66939256]
 
(('InChI=1S/CH3/h1H3',), ('InChI=1S/CH4/h1H4',))
Pressure:  high high
Mech1 ks:  [24501811.25339895 49499304.29147358 74498464.89644152]
Mech2 ks:  [24501811.25339895 49499304.29147358 74498464.89644152]
 
Pressure:  1.0 1.0
Mech1 ks:  [1.28848565e+06 5.35177959e+10 7.50345079e+09]
Mech2 ks:  [1.28848565e+06 5.35177959e+10 7.50345079e+09]
 
Pressure:  4.0 4.0
Mech1 ks:  [8.90013956e+07 9.08025389e+13 7.04710636e+12]
Mech2 ks:  [8.90013956e+07 9.08025389e+13 7.04710636e+12]
 
Pressure:  5.0 5.0
Mech1 ks:  [1.75978967e+08 3.00571254e+14 2.12088277e+13]
Mech2 ks:  [1.75978967e+08 3.00571254e+14 2.12088277e+13]
 
(('InChI=1S/O',), ('InChI=1S/H',))
Pressure:  high high
Mech1 ks:  [24501811.25339895 49499304.29147358 74498464.89644152]
Mech2 ks:  [24501811.25339895 49499304.29147358 74498464.89644152]
 
Pressure:  1.0 1.0
Mech1 ks:  [1.84089724e-04 1.06544552e+00 2.25344107e+01]
Mech2 ks:  [1.84089724e-04 1.06544552e+00 2.25344107e+01]
 
Pressure:  4.0 4.0
Mech1 ks:  [3.60246495e-03 6.83608922e+01 1.51709178e+03]
Mech2 ks:  [3.60246495e-03 6.83608922e+01 1.51709178e+03]
 
Pressure:  5.0 5.0
Mech1 ks:  [9.38592130e-03 2.10502417e+02 4.56720053e+03]
Mech2 ks:  [9.38592130e-03 2.10502417e+02 4.56720053e+03]
 
(('InChI=1S/O',), ('InChI=1S/CH3/h1H3',))
Pressure:  high high
Mech1 ks:  [24501811.25339895 49499304.29147358 74498464.89644152]
Mech2 ks:  [1.47010868e+09 2.96995826e+09 4.46990789e+09]
 
Pressure:  1.0 1.0
Mech1 ks:  [1.84089724e-04 1.06544552e+00 2.25344107e+01]
Mech2 ks:  [13717196.77437658 14326080.58142913 14582722.86494192]
 
Pressure:  4.0 4.0
Mech1 ks:  [3.60246495e-03 6.83608922e+01 1.51709178e+03]
Mech2 ks:  [48529756.74382985 52565308.3458662  54287101.61228671]
 
Pressure:  5.0 5.0
Mech1 ks:  [9.38592130e-03 2.10502417e+02 4.56720053e+03]
Mech2 ks:  [58846923.31465621 64368769.04152604 66734457.55586609]
 







{(('InChI=1S/CH3/h1H3', 'InChI=1S/H'), ('InChI=1S/CH4/h1H4',)): {'m1': {'high': array([4.90036225e+14, 9.89986086e+14, 1.48996930e+15])}, 'm2': {'high': array([9.80072450e+14, 1.97997217e+15, 2.97993860e+15])}}, (('InChI=1S/O', 'InChI=1S/H'), ('InChI=1S/HO/h1H',)): {'m1': {'high': array([4.87576461e+08, 9.87498315e+08, 1.48747212e+09]), 1.0: array([12541863.03577182, 13446134.0814305 , 13829792.05195677]), 4.0: array([39758160.69823755, 46041129.87854999, 48827344.37047262]), 5.0: array([46849677.31955346, 55348263.51680418, 59182627.93618946])}, 'm2': {'high': array([1.47010868e+09, 2.96995826e+09, 4.46990789e+09]), 1.0: array([13717196.77437658, 14326080.58142913, 14582722.86494192]), 4.0: array([48529756.74382985, 52565308.3458662 , 54287101.61228671]), 5.0: array([58846923.31465621, 64368769.04152604, 66734457.55586609])}}, (('InChI=1S/H',), ('InChI=1S/CH3/h1H3', 'InChI=1S/O')): {'m1': {'high': array([ 4900362.25067979,  9899860.85829472, 14899692.9792883 ])}, 'm2': {'high': [1.1728665382359616e+66, 1.761041774639838e+48, 3.4226694152638057e+43]}}, (('InChI=1S/CH4/h1H4', 'InChI=1S/H'), ('InChI=1S/CH3/h1H3', 'InChI=1S/O')): {'m1': {'high': array([14701086.75203937, 29699582.57488415, 44699078.93786491]), 1.0: array([ 7939413.7938943 , 10986344.66172811, 12573662.26148697]), 4.0: array([12120461.76290346, 20829687.49648852, 27276421.92656088]), 5.0: array([12561469.17691256, 22152897.16118149, 29582538.44190802])}, 'm2': {'high': array([19601449.00271916, 39599443.43317886, 59598771.91715322]), 1.0: array([10408575.45778667, 14314411.96015263, 16330194.8682706 ]), 4.0: array([16056226.57699599, 27469074.24904177, 35851011.20365728]), 5.0: array([16658827.42095216, 29261809.29246411, 38955453.66939256])}}, (('InChI=1S/CH3/h1H3',), ('InChI=1S/CH4/h1H4',)): {'m1': {'high': array([24501811.25339895, 49499304.29147358, 74498464.89644152]), 1.0: array([1.28848565e+06, 5.35177959e+10, 7.50345079e+09]), 4.0: array([8.90013956e+07, 9.08025389e+13, 7.04710636e+12]), 5.0: array([1.75978967e+08, 3.00571254e+14, 2.12088277e+13])}, 'm2': {'high': array([24501811.25339895, 49499304.29147358, 74498464.89644152]), 1.0: array([1.28848565e+06, 5.35177959e+10, 7.50345079e+09]), 4.0: array([8.90013956e+07, 9.08025389e+13, 7.04710636e+12]), 5.0: array([1.75978967e+08, 3.00571254e+14, 2.12088277e+13])}}, (('InChI=1S/O',), ('InChI=1S/H',)): {'m1': {'high': array([24501811.25339895, 49499304.29147358, 74498464.89644152]), 1.0: array([1.84089724e-04, 1.06544552e+00, 2.25344107e+01]), 4.0: array([3.60246495e-03, 6.83608922e+01, 1.51709178e+03]), 5.0: array([9.38592130e-03, 2.10502417e+02, 4.56720053e+03])}, 'm2': {'high': array([24501811.25339895, 49499304.29147358, 74498464.89644152]), 1.0: array([1.84089724e-04, 1.06544552e+00, 2.25344107e+01]), 4.0: array([3.60246495e-03, 6.83608922e+01, 1.51709178e+03]), 5.0: array([9.38592130e-03, 2.10502417e+02, 4.56720053e+03])}}, (('InChI=1S/O',), ('InChI=1S/CH3/h1H3',)): {'m1': {'high': array([24501811.25339895, 49499304.29147358, 74498464.89644152]), 1.0: array([1.84089724e-04, 1.06544552e+00, 2.25344107e+01]), 4.0: array([3.60246495e-03, 6.83608922e+01, 1.51709178e+03]), 5.0: array([9.38592130e-03, 2.10502417e+02, 4.56720053e+03])}, 'm2': {'high': array([1.47010868e+09, 2.96995826e+09, 4.46990789e+09]), 1.0: array([13717196.77437658, 14326080.58142913, 14582722.86494192]), 4.0: array([48529756.74382985, 52565308.3458662 , 54287101.61228671]), 5.0: array([58846923.31465621, 64368769.04152604, 66734457.55586609])}}}
