
Mech1 thermo dct
InChI=1S/N2/c1-2
N2                      N   2               G   200.000  6000.000 1000.00      1
2.95258000E+00 1.39690000E-03-4.92632000E-07 7.86010000E-11-4.60755000E-15    2
-9.23949000E+02 5.87189000E+00 3.53101000E+00-1.23661000E-04-5.02999000E-07    3
2.43531000E-09-1.40881000E-12-1.04698000E+03 2.96747000E+00                   4
InChI=1S/Ne
Ne                      Ne  1               G   200.000  6000.000 1000.00      1
2.50000000E+00 0.00000000E+00 0.00000000E+00 0.00000000E+00 0.00000000E+00    2
-7.45375000E+02 3.35532000E+00 2.50000000E+00 0.00000000E+00 0.00000000E+00    3
0.00000000E+00 0.00000000E+00-7.45375000E+02 3.35532000E+00                   4
InChI=1S/CO/c1-2
CO(1)                   C   1O   1          G   200.000  6000.000 1000.00      1
3.04849000E+00 1.35173000E-03-4.85794000E-07 7.88536000E-11-4.69807000E-15    2
-1.42661000E+04 6.01710000E+00 3.57953000E+00-6.10354000E-04 1.01681000E-06    3
9.07006000E-10-9.04424000E-13-1.43441000E+04 3.50841000E+00                   4
InChI=1S/H2/h1H
H2(2)                   H   2               G   100.000  5000.000 1959.08      1
2.78814852E+00 5.87663436E-04 1.58999886E-07-5.52717891E-11 4.34295580E-15    2
-5.96134054E+02 1.12835287E-01 3.43536428E+00 2.12708915E-04-2.78621781E-07    3
3.40264607E-10-7.76025661E-14-1.03135985E+03-3.90841796E+00                   4
InChI=1S/O2/c1-2
O2(3)                   O   2               G   100.000  5000.000 1074.55      1
3.15382081E+00 1.67804370E-03-7.69974233E-07 1.51275461E-10-1.08782413E-14    2
-1.04081728E+03 6.16755830E+00 3.53732243E+00-1.21571647E-03 5.31620251E-06    3
-4.89446431E-09 1.45846257E-12-1.03858849E+03 4.68368183E+00                   4
InChI=1S/H
H(4)                    H   1               G   100.000  5000.000 2121.20      1
2.50000000E+00 3.04114587E-14-1.54210734E-17 3.31770777E-21-2.56694325E-25    2
2.54742178E+04-4.44972896E-01 2.50000000E+00 1.37382135E-15-2.66902032E-18    3
1.75563256E-21-3.60841378E-25 2.54742178E+04-4.44972896E-01                   4
InChI=1S/O
O(5)                    O   1               G   100.000  5000.000 2121.20      1
2.50000000E+00 3.04114587E-14-1.54210734E-17 3.31770777E-21-2.56694325E-25    2
2.92302441E+04 4.09104286E+00 2.50000000E+00 1.37382135E-15-2.66902032E-18    3
1.75563256E-21-3.60841378E-25 2.92302441E+04 4.09104286E+00                   4
InChI=1S/HO/h1H
OH(6)                   H   1O   1          G   100.000  5000.000 1145.75      1
3.07194067E+00 6.04014297E-04-1.39775153E-08-2.13447882E-11 2.48067106E-15    2
3.57938638E+03 4.57799517E+00 3.51456792E+00 2.92786950E-05-5.32167684E-07    3
1.01949538E-09-3.85947129E-13 3.41425420E+03 2.10434926E+00                   4
InChI=1S/H2O/h1H2
H2O(7)                  H   2O   1          G   100.000  5000.000 1130.24      1
2.84325068E+00 2.75108509E-03-7.81031288E-07 1.07243594E-10-5.79391875E-15    2
-2.99586129E+04 5.91041861E+00 4.05763581E+00-7.87935554E-04 2.90877394E-06    3
-1.47518743E-09 2.12842489E-13-3.02815866E+04-3.11363963E-01                   4
InChI=1S/HO2/c1-2/h1H
HO2(10)                 H   1O   2          G   200.000  5000.000 1000.00      1
4.17229000E+00 1.88118000E-03-3.46277000E-07 1.94658000E-11 1.76257000E-16    2
3.10207000E+01 2.95768000E+00 4.30180000E+00-4.74912000E-03 2.11583000E-05    3
-2.42764000E-08 9.29225000E-12 2.64018000E+02 3.71666000E+00                   4
InChI=1S/H2O2/c1-2/h1-2H
H2O2(11)                H   2O   2          G   200.000  6000.000 1000.00      1
4.57977000E+00 4.05326000E-03-1.29845000E-06 1.98211000E-10-1.13969000E-14    2
-1.80072000E+04 6.64971000E-01 4.31515000E+00-8.47391000E-04 1.76404000E-05    3
-2.26763000E-08 9.08950000E-12-1.77067000E+04 3.27373000E+00                   4
InChI=1S/CO2/c2-1-3
CO2(12)                 C   1O   2          G   200.000  6000.000 1000.00      1
4.63651000E+00 2.74146000E-03-9.95898000E-07 1.60387000E-10-9.16199000E-15    2
-4.90249000E+04-1.93490000E+00 2.35681000E+00 8.98413000E-03-7.12206000E-06    3
2.45730000E-09-1.42885000E-13-4.83720000E+04 9.90090000E+00                   4
InChI=1S/CHO/c1-2/h1H
HCO(13)                 H   1C   1O   1     G   200.000  6000.000 1000.00      1
3.92002000E+00 2.52279000E-03-6.71004000E-07 1.05616000E-10-7.43798000E-15    2
3.65343000E+03 3.58077000E+00 4.23755000E+00-3.32075000E-03 1.40030000E-05    3
-1.34240000E-08 4.37416000E-12 3.87241000E+03 3.30835000E+00                   4
InChI=1S/CHO2/c2-1-3/h1H
CHO2(38)                H   1C   1O   2     G   100.000  5000.000 1057.62      1
5.51468598E+00 4.87383475E-03-2.12202701E-06 4.14213516E-10-2.99876467E-14    2
-1.73524027E+04-2.54575161E+00 3.56693505E+00 7.37394115E-03 1.23402592E-06    3
-6.05180772E-09 2.52682089E-12-1.66682340E+04 8.24685211E+00                   4
InChI=1S/CHO2/c2-1-3/h(H,2,3)
HOCO(39)                H   1C   1O   2     G   200.000  6000.000 1000.00      1
5.39206000E+00 4.11221000E-03-1.48195000E-06 2.39875000E-10-1.43903000E-14    2
-2.38607000E+04-2.23529000E+00 2.92208000E+00 7.62454000E-03 3.29884000E-06    3
-1.07135000E-08 5.11587000E-12-2.30282000E+04 1.12926000E+01                   4
InChI=1S/CHO4/c2-1(3)5-4/h4H
CHO4(44)                H   1C   1O   4     G   100.000  5000.000  939.44      1
1.54492139E+01-2.49612363E-03 2.21180272E-06-3.69643062E-10 1.76378582E-14    2
-5.00121743E+04-5.36473099E+01 2.57826958E+00 1.76125669E-02 2.55002441E-05    3
-5.62075821E-08 2.53384621E-11-4.60629329E+04 1.57916906E+01                   4
InChI=1S/CHO4/c2-1(3)5-4/h(H,2,3)
CHO4(45)                H   1C   1O   4     G   100.000  5000.000  929.32      1
1.68557311E+01-5.29730393E-03 3.93068689E-06-7.12866763E-10 4.12117400E-14    2
-5.63856296E+04-6.10986109E+01 2.55593010E+00 1.61663991E-02 3.39888990E-05    3
-6.86917411E-08 3.08151321E-11-5.19968492E+04 1.61545553E+01                   4
InChI=1S/CHO3/c2-1(3)4/h(H,2,3)
CHO3(61)                H   1C   1O   3     G   100.000  5000.000  968.18      1
8.68688635E+00 3.22546319E-03-1.09077509E-06 2.46304020E-10-2.15826504E-14    2
-4.76525132E+04-1.88453348E+01 3.28602197E+00 9.07569629E-03 1.53517047E-05    3
-2.86384637E-08 1.19719144E-11-4.58350949E+04 1.10209279E+01                   4
InChI=1S/CH2O3/c2-1(3)4/h(H2,2,3,4)
CH2O3(82)               H   2C   1O   3     G   100.000  5000.000  956.75      1
1.18953474E+01 1.71602859E-03-1.47932622E-07 9.25919346E-11-1.38613705E-14    2
-7.81027323E+04-3.82545468E+01 2.98116506E+00 1.14388942E-02 2.77945768E-05    3
-4.94698411E-08 2.07998858E-11-7.51362668E+04 1.09457245E+01                   4


Mech2 thermo dct
InChI=1S/H
H                 L 6/94H   1    0    0    0G   200.000  6000.00  1000.00      1
0.25000000E+01 0.00000000E+00 0.00000000E+00 0.00000000E+00 0.00000000E+00    2
0.25473660E+05-0.44668285E+00 0.25000000E+01 0.00000000E+00 0.00000000E+00    3
0.00000000E+00 0.00000000E+00 0.25473660E+05-0.44668285E+00 0.26219035E+05    4
InChI=1S/H2/h1H
H2                TPIS78H   2    0    0    0G   200.000  6000.00  1000.00      1
2.93286575E+00 8.26608026E-04-1.46402364E-07 1.54100414E-11-6.88804800E-16    2
-8.13065581E+02-1.02432865E+00 2.34433112E+00 7.98052075E-03-1.94781510E-05    3
2.01572094E-08-7.37611761E-12-9.17935173E+02 6.83010238E-01 0.00000000E+00    4
InChI=1S/O
O                 L 1/90O   1    0    0    0G   200.000  6000.00  1000.00      1
2.54363697E+00-2.73162486E-05-4.19029520E-09 4.95481845E-12-4.79553694E-16    2
2.92260120E+04 4.92229457E+00 3.16826710E+00-3.27931884E-03 6.64306396E-06    3
-6.12806624E-09 2.11265971E-12 2.91222592E+04 2.05193346E+00 2.99687009E+04    4
InChI=1S/O2/c1-2
O2                RUS 89O   2    0    0    0G   200.000  6000.00  1000.00      1
3.66096065E+00 6.56365811E-04-1.41149627E-07 2.05797935E-11-1.29913436E-15    2
-1.21597718E+03 3.41536279E+00 3.78245636E+00-2.99673416E-03 9.84730201E-06    3
-9.68129509E-09 3.24372837E-12-1.06394356E+03 3.65767573E+00 0.00000000E+00    4
InChI=1S/HO/h1H
OH                IU3/03O   1 H  1    0    0G   200.000  6000.00  1000.00      1
2.83853033E+00 1.10741289E-03-2.94000209E-07 4.20698729E-11-2.42289890E-15    2
3.69780808E+03 5.84494652E+00 3.99198424E+00-2.40106655E-03 4.61664033E-06    3
-3.87916306E-09 1.36319502E-12 3.36889836E+03-1.03998477E-01 4.48613328E+03    4
InChI=1S/H2O/h1H2
H2O               L 5/89H   2 O  1    0    0G   200.000  6000.00  1000.00      1
0.26770389E+01 0.29731816E-02-0.77376889E-06 0.94433514E-10-0.42689991E-14    2
-0.29885894E+05 0.68825500E+01 0.41986352E+01-0.20364017E-02 0.65203416E-05    3
-0.54879269E-08 0.17719680E-11-0.30293726E+05-0.84900901E+00-0.29084817E+05    4
InChI=1S/N2/c1-2
N2                G 8/02N   2    0    0    0G   200.000  6000.00  1000.00      1
2.95257637E+00 1.39690040E-03-4.92631603E-07 7.86010195E-11-4.60755204E-15    2
-9.23948688E+02 5.87188762E+00 3.53100528E+00-1.23660988E-04-5.02999433E-07    3
2.43530612E-09-1.40881235E-12-1.04697628E+03 2.96747038E+00 0.00000000E+00    4
InChI=1S/HO2/c1-2/h1H
HO2               T 1/09H   1O   2    0    0G   200.000  5000.00  1000.00      1
4.17228741E+00 1.88117627E-03-3.46277286E-07 1.94657549E-11 1.76256905E-16    2
3.10206839E+01 2.95767672E+00 4.30179807E+00-4.74912097E-03 2.11582905E-05    3
-2.42763914E-08 9.29225225E-12 2.64018485E+02 3.71666220E+00 1.47886045E+03    4
InChI=1S/H2O2/c1-2/h1-2H
H2O2              T 8/03H   2O   2    0    0G   200.000  6000.00  1000.00      1
4.57977305E+00 4.05326003E-03-1.29844730E-06 1.98211400E-10-1.13968792E-14    2
-1.80071775E+04 6.64970694E-01 4.31515149E+00-8.47390622E-04 1.76404323E-05    3
-2.26762944E-08 9.08950158E-12-1.77067437E+04 3.27373319E+00-1.63425145E+04    4
InChI=1S/Ar
AR                G 5/97AR  1  0    0      0G   200.000  6000.00  1000.00      1
2.50000000E+00 0.00000000E+00 0.00000000E+00 0.00000000E+00 0.00000000E+00    2
-7.45375000E+02 4.37967491E+00 2.50000000E+00 0.00000000E+00 0.00000000E+00    3
0.00000000E+00 0.00000000E+00-7.45375000E+02 4.37967491E+00 0.00000000E+00    4
InChI=1S/CO/c1-2
CO                RUS 79C   1O   1    0    0G   200.000  6000.00  1000.00      1
0.30484859E+01 0.13517281E-02-0.48579405E-06 0.78853644E-10-0.46980746E-14    2
-0.14266117E+05 0.60170977E+01 0.35795335E+01-0.61035369E-03 0.10168143E-05    3
0.90700586E-09-0.90442449E-12-0.14344086E+05 0.35084093E+01-0.13293628E+05    4
InChI=1S/CO2/c2-1-3
CO2               L 7/88C   1O   2    0    0G   200.000  6000.00  1000.00      1
0.46365111E+01 0.27414569E-02-0.99589759E-06 0.16038666E-09-0.91619857E-14    2
-0.49024904E+05-0.19348955E+01 0.23568130E+01 0.89841299E-02-0.71220632E-05    3
0.24573008E-08-0.14288548E-12-0.48371971E+05 0.99009035E+01-0.47328105E+05    4
InChI=1S/CHO/c1-2/h1H
HCO               T 5/03C  1 H  1 O  1    0 G   200.000  6000.00  1000.00      1
3.92001542E+00 2.52279324E-03-6.71004164E-07 1.05615948E-10-7.43798261E-15    2
3.65342928E+03 3.58077056E+00 4.23754610E+00-3.32075257E-03 1.40030264E-05    3
-1.34239995E-08 4.37416208E-12 3.87241185E+03 3.30834869E+00 5.08749163E+03    4
InChI=1S/He
HE                G 5/97HE 1    0    0    0 G   200.000  6000.00  1000.00      1
2.50000000E+00 0.00000000E+00 0.00000000E+00 0.00000000E+00 0.00000000E+00    2
-7.45375000E+02 9.28723974E-01 2.50000000E+00 0.00000000E+00 0.00000000E+00    3
0.00000000E+00 0.00000000E+00-7.45375000E+02 9.28723974E-01 0.00000000E+00    4
InChI=1S/H3N/h1H3
OHEX                    H   1O   1    0    0G    300.00   5000.00 1000.00    0 1
2.88273000E+00 1.01397430E-03-2.27687700E-07 2.17468300E-11-5.12630500E-16    2
5.02650000E+04 5.59571200E+00 3.63726600E+00 1.85091000E-04-1.67616460E-06    3
2.38720200E-09-8.43144200E-13 5.00213000E+04 1.35886050E+00                   4



Combined thermo vals


InCHI:  InChI=1S/N2/c1-2
M1 Name:  Not in Mechanism
M2 Name:  Not in Mechanism

M1 Enthalpy [1.4136091551085974, 5.130163864501488, 8.916787271853789]
M2 Enthalpy [1.413611675173398, 5.1301587408265075, 8.91676280278675]
M1 Entropy [0.049413953364393214, 0.054535303462551296, 0.057620691581998805]
M2 Entropy [0.04941389533910067, 0.05453523528169589, 0.05762060822525054]
M1 Gibbs [-23.29336752708801, -49.40513959804981, -77.51425010114441]
M2 Gibbs [-23.293335994376935, -49.40507654086938, -77.51414953508906]
M1 Heat Capacity [0.007074035561079284, 0.007811401860078307, 0.006559446037497855]
M2 Heat Capacity [0.007074024722618857, 0.007811379263578682, 0.006559385093669246]


InCHI:  InChI=1S/Ne
M1 Name:  Not in Mechanism
M2 Name:  Not in Mechanism

M1 Enthalpy [1.0027929490166287, 3.4867982723176656, 5.970803595618704]
M2 Enthalpy None
M1 Entropy [0.03754194539052367, 0.04098550796320769, 0.04299986293711471]
M2 Entropy None
M1 Gibbs [-17.768179746245206, -37.49870969089003, -58.52899081005336]
M2 Gibbs None
M1 Heat Capacity [0.004968010646602075, 0.004968010646602075, 0.004968010646602075]
M2 Heat Capacity None


InCHI:  InChI=1S/CO/c1-2
M1 Name:  Not in Mechanism
M2 Name:  Not in Mechanism

M1 Enthalpy [-24.998518559986522, -21.233165491497225, -17.374537153716105]
M2 Enthalpy [-24.99848683890734, -21.233127823378094, -17.374490424856358]
M1 Entropy [0.05087117841039574, 0.05605745744998474, 0.059199614013541436]
M2 Entropy [0.05087122159262003, 0.05605750865621801, 0.05919967247930667]
M1 Gibbs [-50.43410776518439, -77.29062294148196, -106.17395817402826]
M2 Gibbs [-50.434097635217356, -77.2906364795961, -106.17399914381637]
M1 Heat Capacity [0.00712493158815106, 0.007926099315478536, 0.006824695826336441]
M2 Heat Capacity [0.007124940891992999, 0.007926114179766392, 0.006824717063339952]


InCHI:  InChI=1S/H2/h1H
M1 Name:  Not in Mechanism
M2 Name:  Not in Mechanism

M1 Enthalpy [1.4032310650516138, 4.942237797762472, 8.664852616915931]
M2 Enthalpy [1.4090500673385296, 4.94420026325568, 7.8946001456186305]
M1 Entropy [0.034826781226884373, 0.03972353092109717, 0.04273553092044311]
M2 Entropy [0.03484012766194002, 0.03973129066821316, 0.04218227223043605]
M1 Gibbs [-16.010159548390572, -34.7812931233347, -55.438443763748744]
M2 Gibbs [-16.01101376363148, -34.78709040495748, -55.378808200035444]
M1 Heat Capacity [0.006974582610776884, 0.007217751325443937, 0.007716430791141518]
M2 Heat Capacity [0.007002306816024342, 0.007209165023417947, 0.0023414409436431083]


InCHI:  InChI=1S/O2/c1-2
M1 Name:  Not in Mechanism
M2 Name:  Not in Mechanism

M1 Enthalpy [1.4551422225091581, 5.427093868644566, 9.739140195470503]
M2 Enthalpy [1.4546338490846977, 5.4270580592238264, 9.91645364044376]
M1 Entropy [0.05274491991428852, 0.058213463296597, 0.06170199233933391]
M2 Entropy [0.05274835240167438, 0.058218545271450706, 0.06183506578563473]
M1 Gibbs [-24.917317734635105, -52.78636942795243, -82.81384831353037]
M2 Gibbs [-24.919542351752494, -52.79148721222688, -82.83614503800834]
M1 Heat Capacity [0.00742789269006817, 0.0083498482278417, 0.00902161538784172]
M2 Heat Capacity [0.007429135139850778, 0.008337230991074565, 0.010315157185542219]


InCHI:  InChI=1S/H
M1 Name:  Not in Mechanism
M2 Name:  Not in Mechanism

M1 Enthalpy [53.10647942100523, 55.59048474430643, 58.07449006760757]
M2 Enthalpy [53.1053709584696, 55.58937628177063, 58.073381605071674]
M1 Entropy [0.029989987163510815, 0.03343354973619506, 0.03544790471010217]
M2 Entropy [0.029986589135639095, 0.03343015170832312, 0.03544450668223014]
M1 Gibbs [38.11148583924982, 22.15693500811137, 4.902633002454323]
M2 Gibbs [38.11207639065005, 22.15922457344751, 4.906621581726462]
M1 Heat Capacity [0.004968010646602504, 0.004968010646602273, 0.00496801064660238]
M2 Heat Capacity [0.004968010646602075, 0.004968010646602075, 0.004968010646602075]


InCHI:  InChI=1S/O
M1 Name:  Not in Mechanism
M2 Name:  Not in Mechanism

M1 Enthalpy [60.570470879932195, 63.05447620323339, 65.53848152653454]
M2 Enthalpy [60.591299194725956, 63.105135634428215, 65.7995944222298]
M1 Entropy [0.039003976991095916, 0.04244753956378016, 0.044461894537687265]
M2 Entropy [0.04115474111918746, 0.044643013775495344, 0.04681137467807373]
M1 Gibbs [41.06848238438424, 20.60693663945323, -1.1543602799963537]
M2 Gibbs [40.013928635132224, 18.462121858932875, -4.41746759488079]
M1 Heat Capacity [0.004968010646602504, 0.004968010646602273, 0.00496801064660238]
M2 Heat Capacity [0.005078114921548978, 0.005001009544487745, 0.006377532584161634]


InCHI:  InChI=1S/HO/h1H
M1 Name:  Not in Mechanism
M2 Name:  Not in Mechanism

M1 Enthalpy [10.266973845807431, 13.79866280313426, 17.536079222052667]
M2 Enthalpy [10.343448285628329, 13.914558573106678, 17.90507186528877]
M1 Entropy [0.047554947418235606, 0.052439665931349015, 0.05546457267995811]
M2 Entropy [0.04757532728805982, 0.05251515091912654, 0.0557283968248769]
M1 Gibbs [-13.510499863310372, -38.64100312821475, -65.6607797978845]
M2 Gibbs [-13.44421535840158, -38.600592346019866, -65.68752337202658]
M1 Heat Capacity [0.006954182698565853, 0.0072438109797837115, 0.007646857850852751]
M2 Heat Capacity [0.007046458091751905, 0.0073359433294118166, 0.009114957416018601]


InCHI:  InChI=1S/H2O/h1H2
M1 Name:  Not in Mechanism
M2 Name:  Not in Mechanism

M1 Enthalpy [-56.14206004026291, -51.61674753118531, -46.407119968708955]
M2 Enthalpy [-56.14239887288033, -51.582720556422196, -46.114708095625616]
M1 Entropy [0.04931593317970572, 0.05553386197934552, 0.0597418804968627]
M2 Entropy [0.04936161432904322, 0.05562500206626455, 0.06002558428143574]
M1 Gibbs [-80.80002663011578, -107.15060951053083, -136.01994071400298]
M2 Gibbs [-80.82320603740195, -107.20772262268675, -136.15308451777923]
M1 Heat Capacity [0.008385536458558093, 0.00976935299156477, 0.010967840079534654]
M2 Heat Capacity [0.008416360267363079, 0.009869680863674539, 0.01244712405925585]


InCHI:  InChI=1S/HO2/c1-2/h1H
M1 Name:  Not in Mechanism
M2 Name:  Not in Mechanism

M1 Enthalpy [4.732788549113769, 10.00234357293487, 17.02006950714086]
M2 Enthalpy [4.732786862681155, 10.002338611548234, 17.020069731322344]
M1 Entropy [0.0593271154436399, 0.0665582287573782, 0.07214670824681742]
M2 Entropy [0.05932709343892166, 0.06655820208353083, 0.07214668532568994]
M1 Gibbs [-24.930769172706185, -56.55588518444333, -91.19999286308527]
M2 Gibbs [-24.930759856779673, -56.5558634719826, -91.19995825721256]
M1 Heat Capacity [0.009465114742036694, 0.011380380964512063, 0.019660327086695358]
M2 Heat Capacity [0.009465107639023472, 0.011380377884345462, 0.019660358197620055]


InCHI:  InChI=1S/H2O2/c1-2/h1-2H
M1 Name:  Not in Mechanism
M2 Name:  Not in Mechanism

M1 Enthalpy [-30.240360335437266, -23.421760051163762, -14.38110696376165]
M2 Enthalpy [-30.240442733951046, -23.421818749865555, -14.381097455237684]
M1 Entropy [0.06174090267135737, 0.07107861508623411, 0.07829345796042975]
M2 Entropy [0.06174093632324442, 0.07107867921773117, 0.07829357578353065]
M1 Gibbs [-61.110811671115954, -94.50037513739787, -131.82129390440628]
M2 Gibbs [-61.110910895573255, -94.50049796759673, -131.82146113053366]
M1 Heat Capacity [0.011992997783769053, 0.01494647663556653, 0.024279750559464255]
M2 Heat Capacity [0.011993018754238794, 0.01494655880248822, 0.02427995252052344]


InCHI:  InChI=1S/CO2/c2-1-3
M1 Name:  Not in Mechanism
M2 Name:  Not in Mechanism

M1 Enthalpy [-92.06683342880129, -86.06859256608367, -79.18798830043367]
M2 Enthalpy [-92.06677308999356, -86.06853098792288, -79.18792854321441]
M1 Entropy [0.05613755240760475, 0.0643608670034612, 0.06991833537888599]
M2 Entropy [0.05613759556900089, 0.06436091205324763, 0.06991837906193027]
M1 Gibbs [-120.13560963260366, -150.42945956954486, -184.06549136876265]
M2 Gibbs [-120.13557087449401, -150.42944304117052, -184.0654971361098]
M1 Heat Capacity [0.010664514849388608, 0.012982991646956842, 0.014662392248964819]
M2 Heat Capacity [0.010664519260982061, 0.012982991686700928, 0.014662384141171436]


InCHI:  InChI=1S/CHO/c1-2/h1H
M1 Name:  Not in Mechanism
M2 Name:  Not in Mechanism

M1 Enthalpy [11.877794253684288, 17.16166224037851, 23.64727709845384]
M2 Enthalpy [11.877795643857867, 17.161674175527292, 23.647329959204924]
M1 Entropy [0.05810997689382683, 0.06533914032942581, 0.070555256578492]
M2 Entropy [0.058109930236976914, 0.06533910667894569, 0.0705552550055016]
M1 Gibbs [-17.177194193229127, -48.177478089047305, -82.18560776928416]
M2 Gibbs [-17.17716947463059, -48.17743250341839, -82.18555254904747]
M1 Heat Capacity [0.009286821533948776, 0.011664809510051328, 0.015105454963462064]
M2 Heat Capacity [0.009286824728379623, 0.011664854242019193, 0.015105581871294032]


InCHI:  InChI=1S/CHO2/c2-1-3/h1H
M1 Name:  Not in Mechanism
M2 Name:  Not in Mechanism

M1 Enthalpy [-27.80172870550967, -19.893055589606224, -10.841348610329481]
M2 Enthalpy None
M1 Entropy [0.06764940553478273, 0.0784781869442688, 0.08579068627529551]
M2 Entropy None
M1 Gibbs [-61.62643147290103, -98.37124253387502, -139.52737802327275]
M2 Gibbs None
M1 Heat Capacity [0.013838617108534944, 0.017189148501170426, 0.019418134919535982]
M2 Heat Capacity None


InCHI:  InChI=1S/CHO2/c2-1-3/h(H,2,3)
M1 Name:  Not in Mechanism
M2 Name:  Not in Mechanism

M1 Enthalpy [-40.960383512981956, -33.48327428690322, -24.13623193549934]
M2 Enthalpy None
M1 Entropy [0.06619446275476477, 0.07642663255049448, 0.08392461477762245]
M2 Entropy None
M1 Gibbs [-74.05761489036433, -109.9099068373977, -150.02315410193302]
M2 Gibbs None
M1 Heat Capacity [0.012995549535868787, 0.016390122900545593, 0.022897182259377157]
M2 Heat Capacity None


InCHI:  InChI=1S/CHO4/c2-1(3)5-4/h4H
M1 Name:  Not in Mechanism
M2 Name:  Not in Mechanism

M1 Enthalpy [-83.91883134035317, -69.87507294054502, -52.359946667297045]
M2 Enthalpy None
M1 Entropy [0.08318908084914141, 0.10246659011500889, 0.11642876826308035]
M2 Entropy None
M1 Gibbs [-125.51337176492387, -172.3416630555539, -227.00309906191757]
M2 Gibbs None
M1 Heat Capacity [0.02447703110431861, 0.029454263185982526, 0.04957685917971461]
M2 Heat Capacity None


InCHI:  InChI=1S/CHO4/c2-1(3)5-4/h(H,2,3)
M1 Name:  Not in Mechanism
M2 Name:  Not in Mechanism

M1 Enthalpy [-95.70891193690235, -81.55087923489882, -63.34361947098511]
M2 Enthalpy None
M1 Entropy [0.08344231272465066, 0.10289282526982421, 0.11735621202193465]
M2 Entropy None
M1 Gibbs [-137.43006829922768, -184.44370450472303, -239.3779375038871]
M2 Gibbs None
M1 Heat Capacity [0.02479202751134975, 0.029479418449555005, 0.05454385157291854]
M2 Heat Capacity None


InCHI:  InChI=1S/CHO3/c2-1(3)4/h(H,2,3)
M1 Name:  Not in Mechanism
M2 Name:  Not in Mechanism

M1 Enthalpy [-85.0337003992064, -74.83656818360038, -62.573974896464726]
M2 Enthalpy None
M1 Entropy [0.07331366782210247, 0.0872747046961757, 0.097115120206379]
M2 Entropy None
M1 Gibbs [-121.69053431025763, -162.11127287977607, -208.24665520603324]
M2 Gibbs None
M1 Heat Capacity [0.0175474765776787, 0.021952394381819215, 0.030590830875482613]
M2 Heat Capacity None


InCHI:  InChI=1S/CH2O3/c2-1(3)4/h(H2,2,3,4)
M1 Name:  Not in Mechanism
M2 Name:  Not in Mechanism

M1 Enthalpy [-142.48390083499535, -129.9199940970236, -114.3582504008235]
M2 Enthalpy None
M1 Entropy [0.0733874951242491, 0.09058688537079719, 0.10302892191351191]
M2 Entropy None
M1 Gibbs [-179.1776483971199, -220.5068794678208, -268.9016332710913]
M2 Gibbs None
M1 Heat Capacity [0.021393285372191134, 0.02691604728820253, 0.04176310916208012]
M2 Heat Capacity None


InCHI:  InChI=1S/Ar
M1 Name:  Not in Mechanism
M2 Name:  Not in Mechanism

M1 Enthalpy None
M2 Enthalpy [1.0027929490166287, 3.4867982723176656, 5.970803595618704]
M1 Entropy None
M2 Entropy [0.039577547830035316, 0.04302111040271933, 0.04503546537662636]
M1 Gibbs None
M2 Gibbs [-18.785980966001027, -39.534312130401666, -61.58239446932083]
M1 Heat Capacity None
M2 Heat Capacity [0.004968010646602075, 0.004968010646602075, 0.004968010646602075]


InCHI:  InChI=1S/He
M1 Name:  Not in Mechanism
M2 Name:  Not in Mechanism

M1 Enthalpy None
M2 Enthalpy [1.0027929490166287, 3.4867982723176656, 5.970803595618704]
M1 Entropy None
M2 Entropy [0.032719803433655555, 0.03616336600633958, 0.0381777209802466]
M1 Gibbs None
M2 Gibbs [-15.35710876781115, -32.676567734021916, -51.29577787475119]
M1 Heat Capacity None
M2 Heat Capacity [0.004968010646602075, 0.004968010646602075, 0.004968010646602075]


InCHI:  InChI=1S/H3N/h1H3
M1 Name:  Not in Mechanism
M2 Name:  Not in Mechanism

M1 Enthalpy None
M2 Enthalpy [102.9873765094224, 106.55500841522507, 110.37035484560771]
M1 Entropy None
M2 Entropy [0.04755848927444182, 0.052494306766863626, 0.05558098543369435]
M1 Gibbs None
M2 Gibbs [79.20813187220149, 54.06070164836145, 26.998876695066187]
M1 Heat Capacity None
M2 Heat Capacity [0.0070674404524257595, 0.007333280912890172, 0.007813530925880958]







{'InChI=1S/N2/c1-2': {'m1': [[1.4136091551085974, 5.130163864501488, 8.916787271853789], [0.049413953364393214, 0.054535303462551296, 0.057620691581998805], [-23.29336752708801, -49.40513959804981, -77.51425010114441], [0.007074035561079284, 0.007811401860078307, 0.006559446037497855]], 'm2': [[1.413611675173398, 5.1301587408265075, 8.91676280278675], [0.04941389533910067, 0.05453523528169589, 0.05762060822525054], [-23.293335994376935, -49.40507654086938, -77.51414953508906], [0.007074024722618857, 0.007811379263578682, 0.006559385093669246]]}, 'InChI=1S/Ne': {'m1': [[1.0027929490166287, 3.4867982723176656, 5.970803595618704], [0.03754194539052367, 0.04098550796320769, 0.04299986293711471], [-17.768179746245206, -37.49870969089003, -58.52899081005336], [0.004968010646602075, 0.004968010646602075, 0.004968010646602075]], 'm2': [None, None, None, None]}, 'InChI=1S/CO/c1-2': {'m1': [[-24.998518559986522, -21.233165491497225, -17.374537153716105], [0.05087117841039574, 0.05605745744998474, 0.059199614013541436], [-50.43410776518439, -77.29062294148196, -106.17395817402826], [0.00712493158815106, 0.007926099315478536, 0.006824695826336441]], 'm2': [[-24.99848683890734, -21.233127823378094, -17.374490424856358], [0.05087122159262003, 0.05605750865621801, 0.05919967247930667], [-50.434097635217356, -77.2906364795961, -106.17399914381637], [0.007124940891992999, 0.007926114179766392, 0.006824717063339952]]}, 'InChI=1S/H2/h1H': {'m1': [[1.4032310650516138, 4.942237797762472, 8.664852616915931], [0.034826781226884373, 0.03972353092109717, 0.04273553092044311], [-16.010159548390572, -34.7812931233347, -55.438443763748744], [0.006974582610776884, 0.007217751325443937, 0.007716430791141518]], 'm2': [[1.4090500673385296, 4.94420026325568, 7.8946001456186305], [0.03484012766194002, 0.03973129066821316, 0.04218227223043605], [-16.01101376363148, -34.78709040495748, -55.378808200035444], [0.007002306816024342, 0.007209165023417947, 0.0023414409436431083]]}, 'InChI=1S/O2/c1-2': {'m1': [[1.4551422225091581, 5.427093868644566, 9.739140195470503], [0.05274491991428852, 0.058213463296597, 0.06170199233933391], [-24.917317734635105, -52.78636942795243, -82.81384831353037], [0.00742789269006817, 0.0083498482278417, 0.00902161538784172]], 'm2': [[1.4546338490846977, 5.4270580592238264, 9.91645364044376], [0.05274835240167438, 0.058218545271450706, 0.06183506578563473], [-24.919542351752494, -52.79148721222688, -82.83614503800834], [0.007429135139850778, 0.008337230991074565, 0.010315157185542219]]}, 'InChI=1S/H': {'m1': [[53.10647942100523, 55.59048474430643, 58.07449006760757], [0.029989987163510815, 0.03343354973619506, 0.03544790471010217], [38.11148583924982, 22.15693500811137, 4.902633002454323], [0.004968010646602504, 0.004968010646602273, 0.00496801064660238]], 'm2': [[53.1053709584696, 55.58937628177063, 58.073381605071674], [0.029986589135639095, 0.03343015170832312, 0.03544450668223014], [38.11207639065005, 22.15922457344751, 4.906621581726462], [0.004968010646602075, 0.004968010646602075, 0.004968010646602075]]}, 'InChI=1S/O': {'m1': [[60.570470879932195, 63.05447620323339, 65.53848152653454], [0.039003976991095916, 0.04244753956378016, 0.044461894537687265], [41.06848238438424, 20.60693663945323, -1.1543602799963537], [0.004968010646602504, 0.004968010646602273, 0.00496801064660238]], 'm2': [[60.591299194725956, 63.105135634428215, 65.7995944222298], [0.04115474111918746, 0.044643013775495344, 0.04681137467807373], [40.013928635132224, 18.462121858932875, -4.41746759488079], [0.005078114921548978, 0.005001009544487745, 0.006377532584161634]]}, 'InChI=1S/HO/h1H': {'m1': [[10.266973845807431, 13.79866280313426, 17.536079222052667], [0.047554947418235606, 0.052439665931349015, 0.05546457267995811], [-13.510499863310372, -38.64100312821475, -65.6607797978845], [0.006954182698565853, 0.0072438109797837115, 0.007646857850852751]], 'm2': [[10.343448285628329, 13.914558573106678, 17.90507186528877], [0.04757532728805982, 0.05251515091912654, 0.0557283968248769], [-13.44421535840158, -38.600592346019866, -65.68752337202658], [0.007046458091751905, 0.0073359433294118166, 0.009114957416018601]]}, 'InChI=1S/H2O/h1H2': {'m1': [[-56.14206004026291, -51.61674753118531, -46.407119968708955], [0.04931593317970572, 0.05553386197934552, 0.0597418804968627], [-80.80002663011578, -107.15060951053083, -136.01994071400298], [0.008385536458558093, 0.00976935299156477, 0.010967840079534654]], 'm2': [[-56.14239887288033, -51.582720556422196, -46.114708095625616], [0.04936161432904322, 0.05562500206626455, 0.06002558428143574], [-80.82320603740195, -107.20772262268675, -136.15308451777923], [0.008416360267363079, 0.009869680863674539, 0.01244712405925585]]}, 'InChI=1S/HO2/c1-2/h1H': {'m1': [[4.732788549113769, 10.00234357293487, 17.02006950714086], [0.0593271154436399, 0.0665582287573782, 0.07214670824681742], [-24.930769172706185, -56.55588518444333, -91.19999286308527], [0.009465114742036694, 0.011380380964512063, 0.019660327086695358]], 'm2': [[4.732786862681155, 10.002338611548234, 17.020069731322344], [0.05932709343892166, 0.06655820208353083, 0.07214668532568994], [-24.930759856779673, -56.5558634719826, -91.19995825721256], [0.009465107639023472, 0.011380377884345462, 0.019660358197620055]]}, 'InChI=1S/H2O2/c1-2/h1-2H': {'m1': [[-30.240360335437266, -23.421760051163762, -14.38110696376165], [0.06174090267135737, 0.07107861508623411, 0.07829345796042975], [-61.110811671115954, -94.50037513739787, -131.82129390440628], [0.011992997783769053, 0.01494647663556653, 0.024279750559464255]], 'm2': [[-30.240442733951046, -23.421818749865555, -14.381097455237684], [0.06174093632324442, 0.07107867921773117, 0.07829357578353065], [-61.110910895573255, -94.50049796759673, -131.82146113053366], [0.011993018754238794, 0.01494655880248822, 0.02427995252052344]]}, 'InChI=1S/CO2/c2-1-3': {'m1': [[-92.06683342880129, -86.06859256608367, -79.18798830043367], [0.05613755240760475, 0.0643608670034612, 0.06991833537888599], [-120.13560963260366, -150.42945956954486, -184.06549136876265], [0.010664514849388608, 0.012982991646956842, 0.014662392248964819]], 'm2': [[-92.06677308999356, -86.06853098792288, -79.18792854321441], [0.05613759556900089, 0.06436091205324763, 0.06991837906193027], [-120.13557087449401, -150.42944304117052, -184.0654971361098], [0.010664519260982061, 0.012982991686700928, 0.014662384141171436]]}, 'InChI=1S/CHO/c1-2/h1H': {'m1': [[11.877794253684288, 17.16166224037851, 23.64727709845384], [0.05810997689382683, 0.06533914032942581, 0.070555256578492], [-17.177194193229127, -48.177478089047305, -82.18560776928416], [0.009286821533948776, 0.011664809510051328, 0.015105454963462064]], 'm2': [[11.877795643857867, 17.161674175527292, 23.647329959204924], [0.058109930236976914, 0.06533910667894569, 0.0705552550055016], [-17.17716947463059, -48.17743250341839, -82.18555254904747], [0.009286824728379623, 0.011664854242019193, 0.015105581871294032]]}, 'InChI=1S/CHO2/c2-1-3/h1H': {'m1': [[-27.80172870550967, -19.893055589606224, -10.841348610329481], [0.06764940553478273, 0.0784781869442688, 0.08579068627529551], [-61.62643147290103, -98.37124253387502, -139.52737802327275], [0.013838617108534944, 0.017189148501170426, 0.019418134919535982]], 'm2': [None, None, None, None]}, 'InChI=1S/CHO2/c2-1-3/h(H,2,3)': {'m1': [[-40.960383512981956, -33.48327428690322, -24.13623193549934], [0.06619446275476477, 0.07642663255049448, 0.08392461477762245], [-74.05761489036433, -109.9099068373977, -150.02315410193302], [0.012995549535868787, 0.016390122900545593, 0.022897182259377157]], 'm2': [None, None, None, None]}, 'InChI=1S/CHO4/c2-1(3)5-4/h4H': {'m1': [[-83.91883134035317, -69.87507294054502, -52.359946667297045], [0.08318908084914141, 0.10246659011500889, 0.11642876826308035], [-125.51337176492387, -172.3416630555539, -227.00309906191757], [0.02447703110431861, 0.029454263185982526, 0.04957685917971461]], 'm2': [None, None, None, None]}, 'InChI=1S/CHO4/c2-1(3)5-4/h(H,2,3)': {'m1': [[-95.70891193690235, -81.55087923489882, -63.34361947098511], [0.08344231272465066, 0.10289282526982421, 0.11735621202193465], [-137.43006829922768, -184.44370450472303, -239.3779375038871], [0.02479202751134975, 0.029479418449555005, 0.05454385157291854]], 'm2': [None, None, None, None]}, 'InChI=1S/CHO3/c2-1(3)4/h(H,2,3)': {'m1': [[-85.0337003992064, -74.83656818360038, -62.573974896464726], [0.07331366782210247, 0.0872747046961757, 0.097115120206379], [-121.69053431025763, -162.11127287977607, -208.24665520603324], [0.0175474765776787, 0.021952394381819215, 0.030590830875482613]], 'm2': [None, None, None, None]}, 'InChI=1S/CH2O3/c2-1(3)4/h(H2,2,3,4)': {'m1': [[-142.48390083499535, -129.9199940970236, -114.3582504008235], [0.0733874951242491, 0.09058688537079719, 0.10302892191351191], [-179.1776483971199, -220.5068794678208, -268.9016332710913], [0.021393285372191134, 0.02691604728820253, 0.04176310916208012]], 'm2': [None, None, None, None]}, 'InChI=1S/Ar': {'m1': [None, None, None, None], 'm2': [[1.0027929490166287, 3.4867982723176656, 5.970803595618704], [0.039577547830035316, 0.04302111040271933, 0.04503546537662636], [-18.785980966001027, -39.534312130401666, -61.58239446932083], [0.004968010646602075, 0.004968010646602075, 0.004968010646602075]]}, 'InChI=1S/He': {'m1': [None, None, None, None], 'm2': [[1.0027929490166287, 3.4867982723176656, 5.970803595618704], [0.032719803433655555, 0.03616336600633958, 0.0381777209802466], [-15.35710876781115, -32.676567734021916, -51.29577787475119], [0.004968010646602075, 0.004968010646602075, 0.004968010646602075]]}, 'InChI=1S/H3N/h1H3': {'m1': [None, None, None, None], 'm2': [[102.9873765094224, 106.55500841522507, 110.37035484560771], [0.04755848927444182, 0.052494306766863626, 0.05558098543369435], [79.20813187220149, 54.06070164836145, 26.998876695066187], [0.0070674404524257595, 0.007333280912890172, 0.007813530925880958]]}}
