 initial guesses
       6.98856E+008      1.32429E+000      1.13089E+004      6.98856E+008      5.32429E+000      1.13089E+004
   600.00      93.570      200.73      114.53    
   700.00      2287.0      6558.7      186.78    
   800.00      27100.      99282.      266.35    
   900.00     0.19330E+06 0.88770E+06  359.23    
   1000.0     0.95580E+06 0.54428E+07  469.45    
 results for iteration           1
 chi   1.6462    lamda  0.10000E-01
 params
       6.98856E+008      1.32429E+000      1.13089E+004      6.98856E+008      5.32429E+000      1.13089E+004
   600.00      93.570      200.73      114.53    
   700.00      2287.0      6558.7      186.78    
   800.00      27100.      99282.      266.35    
   900.00     0.19330E+06 0.88770E+06  359.23    
   1000.0     0.95580E+06 0.54428E+07  469.45    
 results for iteration           2
 chi   1.6462    lamda  0.10000    
 params
       6.98856E+008      1.32429E+000      1.13089E+004      6.98856E+008      5.32429E+000      1.13089E+004
   600.00      93.570      200.73      114.53    
   700.00      2287.0      6558.7      186.78    
   800.00      27100.      99282.      266.35    
   900.00     0.19330E+06 0.88770E+06  359.23    
   1000.0     0.95580E+06 0.54428E+07  469.45    
 results for iteration           3
 chi   1.6462    lamda   1.0000    
 params
       6.98856E+008      1.32429E+000      1.13089E+004      6.98856E+008      5.32429E+000      1.13089E+004
   600.00      93.570      200.73      114.53    
   700.00      2287.0      6558.7      186.78    
   800.00      27100.      99282.      266.35    
   900.00     0.19330E+06 0.88770E+06  359.23    
   1000.0     0.95580E+06 0.54428E+07  469.45    
 results for iteration           4
 chi  0.21068    lamda  0.10000    
 params
      -3.41233E+007      1.10308E+000      1.11247E+004      3.48950E+008      5.27304E+000      1.15032E+004
   600.00      93.570      65.279      30.235    
   700.00      2287.0      2288.3     0.58513E-01
   800.00      27100.      36173.      33.480    
   900.00     0.19330E+06 0.33300E+06  72.270    
   1000.0     0.95580E+06 0.20848E+07  118.12    
 results for iteration           5
 chi  0.21068    lamda   1.0000    
 params
      -3.41233E+007      1.10308E+000      1.11247E+004      3.48950E+008      5.27304E+000      1.15032E+004
   600.00      93.570      65.279      30.235    
   700.00      2287.0      2288.3     0.58513E-01
   800.00      27100.      36173.      33.480    
   900.00     0.19330E+06 0.33300E+06  72.270    
   1000.0     0.95580E+06 0.20848E+07  118.12    
 results for iteration           6
 chi  0.15768    lamda  0.10000    
 params
       5.62461E+003     -8.66325E-001      2.14248E+004      2.78719E+008      5.25484E+000      1.15518E+004
   600.00      93.570      47.957      48.748    
   700.00      2287.0      1687.1      26.231    
   800.00      27100.      26776.      1.1956    
   900.00     0.19330E+06 0.24736E+06  27.968    
   1000.0     0.95580E+06 0.15531E+07  62.496    
