using reduced mass:      1.000000
frequency to animate:      2
numrotors:      0
STEP NUMBERread:      1
STEP NUMBER:      20
STEP NUMBERread:      2
STEP NUMBER:      19
STEP NUMBERread:      3
STEP NUMBER:      18
STEP NUMBERread:      4
STEP NUMBER:      17
STEP NUMBERread:      5
STEP NUMBER:      16
STEP NUMBERread:      6
STEP NUMBER:      15
STEP NUMBERread:      7
STEP NUMBER:      14
STEP NUMBERread:      8
STEP NUMBER:      13
STEP NUMBERread:      9
STEP NUMBER:      12
STEP NUMBERread:      10
STEP NUMBER:      11
STEP NUMBERread:      11
STEP NUMBER:      10
STEP NUMBERread:      12
STEP NUMBER:      9
STEP NUMBERread:      13
STEP NUMBER:      8
STEP NUMBERread:      14
STEP NUMBER:      7
STEP NUMBERread:      15
STEP NUMBER:      6
STEP NUMBERread:      16
STEP NUMBER:      5
STEP NUMBERread:      17
STEP NUMBER:      4
STEP NUMBERread:      18
STEP NUMBER:      3
STEP NUMBERread:      19
STEP NUMBER:      2
STEP NUMBERread:      20
STEP NUMBER:      1
STEP NUMBERread:      21
STEP NUMBER:      0
Hessian diagonalization
 Eigenvalues --- 0.542795	0.508998	0.482191	0.238491	0.108622	0.098312	0.031622	0.022207	0.006691	0.004161	0.001904	0.000399	0.000000	0.000000	-0.000000	-0.000164	-0.000285	-0.000677	
rearranging order of eigenvalues and eigenstates

Coordinates mass weighted
Atom	     x	     y	     z
0	1.649197	8.096205	1.729830
1	0.415349	2.148380	2.392674
2	2.277989	2.145516	-0.127883
3	-0.563616	0.618209	-0.337855
4	-1.887324	-8.113050	-2.371755
5	-0.758392	-2.769991	1.073708
-0.109918	 0.000941
-0.231740	 0.001984
-0.091569	 0.000784
0.087536	 -0.000749
0.081685	 -0.000699
0.002311	 -0.000020
0.021654	 -0.000185
0.119124	 -0.001020
0.050829	 -0.000435
0.335752	 -0.002874
-0.787954	 0.006745
0.165806	 -0.001419
0.006300	 -0.000054
0.354167	 -0.003032
0.038485	 -0.000329
-0.060322	 0.000516
0.040029	 -0.000343
-0.030939	 0.000265
Hessian diagonalization
 Eigenvalues --- 0.542795	0.508998	0.482191	0.238052	0.108608	0.098291	0.030209	0.022179	0.006577	0.004136	0.001535	0.000000	0.000000	0.000000	0.000000	-0.000000	-0.000000	-0.000000	
rearranging order of eigenvalues and eigenstates

Hessian diagonalization
 Eigenvalues --- 0.543218	0.507725	0.480812	0.220284	0.108503	0.098062	0.031856	0.022921	0.006931	0.004426	0.001757	0.000000	0.000000	-0.000000	-0.000148	-0.000275	-0.000642	-0.000648	
rearranging order of eigenvalues and eigenstates

Coordinates mass weighted
Atom	     x	     y	     z
0	1.645908	8.089417	1.727070
1	0.418053	2.150790	2.392787
2	2.278681	2.148950	-0.126328
3	-0.553723	0.593661	-0.333094
4	-1.887137	-8.102317	-2.370548
5	-0.760167	-2.768739	1.072759
-0.104225	 0.000900
-0.209309	 0.001807
-0.085531	 0.000738
0.088024	 -0.000760
0.074870	 -0.000646
0.005248	 -0.000045
0.023699	 -0.000205
0.104736	 -0.000904
0.050920	 -0.000440
0.311414	 -0.002689
-0.815832	 0.007043
0.147362	 -0.001272
0.005498	 -0.000047
0.344923	 -0.002978
0.036500	 -0.000315
-0.056539	 0.000488
0.042323	 -0.000365
-0.030123	 0.000260
Hessian diagonalization
 Eigenvalues --- 0.543218	0.507725	0.480812	0.219322	0.108480	0.098042	0.030300	0.022885	0.006832	0.004374	0.001535	0.000000	0.000000	0.000000	-0.000000	-0.000000	-0.000000	-0.000000	
rearranging order of eigenvalues and eigenstates

Hessian diagonalization
 Eigenvalues --- 0.543699	0.506392	0.479345	0.200283	0.108309	0.097819	0.031849	0.023677	0.007213	0.004716	0.001652	0.000000	-0.000000	-0.000000	-0.000127	-0.000261	-0.000599	-0.002885	
rearranging order of eigenvalues and eigenstates

Coordinates mass weighted
Atom	     x	     y	     z
0	1.642873	8.083469	1.724605
1	0.420729	2.152969	2.392999
2	2.279422	2.151926	-0.124789
3	-0.544786	0.568142	-0.329013
4	-1.886980	-8.091973	-2.369478
5	-0.761835	-2.767413	1.071851
-0.095136	 0.000826
-0.181527	 0.001576
-0.076850	 0.000667
0.087121	 -0.000757
0.067993	 -0.000590
0.008817	 -0.000077
0.026051	 -0.000226
0.090618	 -0.000787
0.049868	 -0.000433
0.275677	 -0.002394
-0.849000	 0.007373
0.120898	 -0.001050
0.004558	 -0.000040
0.332069	 -0.002884
0.034179	 -0.000297
-0.052386	 0.000455
0.044136	 -0.000383
-0.029285	 0.000254
Hessian diagonalization
 Eigenvalues --- 0.543699	0.506392	0.479345	0.198526	0.108274	0.097802	0.030263	0.023635	0.007132	0.004643	0.001535	0.000000	0.000000	-0.000000	-0.000000	-0.000000	-0.000000	-0.000000	
rearranging order of eigenvalues and eigenstates

Hessian diagonalization
 Eigenvalues --- 0.544246	0.505024	0.477807	0.179001	0.108003	0.097584	0.031496	0.024480	0.007547	0.005023	0.001592	0.000000	-0.000000	-0.000000	-0.000098	-0.000239	-0.000541	-0.007046	
rearranging order of eigenvalues and eigenstates

Coordinates mass weighted
Atom	     x	     y	     z
0	1.640167	8.078440	1.722474
1	0.423342	2.154940	2.393319
2	2.280252	2.154485	-0.123293
3	-0.537127	0.541581	-0.325885
4	-1.886848	-8.082080	-2.368506
5	-0.763376	-2.766049	1.070976
-0.082904	 0.000718
-0.149539	 0.001295
-0.065812	 0.000570
0.084798	 -0.000734
0.061457	 -0.000532
0.012634	 -0.000109
0.028377	 -0.000246
0.077537	 -0.000671
0.047734	 -0.000413
0.229689	 -0.001989
-0.883253	 0.007647
0.087554	 -0.000758
0.003577	 -0.000031
0.315407	 -0.002731
0.031589	 -0.000273
-0.048088	 0.000416
0.045146	 -0.000391
-0.028451	 0.000246
Hessian diagonalization
 Eigenvalues --- 0.544246	0.505024	0.477807	0.176498	0.107955	0.097568	0.030074	0.024436	0.007483	0.004942	0.001536	0.000000	0.000000	0.000000	-0.000000	-0.000000	-0.000000	-0.000000	
rearranging order of eigenvalues and eigenstates

Hessian diagonalization
 Eigenvalues --- 0.544868	0.503649	0.476234	0.158096	0.107582	0.097333	0.030961	0.025320	0.007923	0.005348	0.001576	0.000000	-0.000000	-0.000000	-0.000064	-0.000209	-0.000473	-0.012291	
rearranging order of eigenvalues and eigenstates

Coordinates mass weighted
Atom	     x	     y	     z
0	1.637902	8.074428	1.720625
1	0.425883	2.156747	2.393752
2	2.281143	2.156690	-0.121873
3	-0.531000	0.514021	-0.323839
4	-1.886775	-8.072764	-2.367535
5	-0.764781	-2.764660	1.070101
-0.068425	 0.000582
-0.115247	 0.000980
-0.053195	 0.000452
0.081200	 -0.000690
0.055550	 -0.000472
0.016390	 -0.000139
0.030461	 -0.000259
0.066021	 -0.000561
0.044732	 -0.000380
0.176806	 -0.001503
-0.913994	 0.007770
0.049959	 -0.000425
0.002601	 -0.000022
0.295395	 -0.002511
0.028857	 -0.000245
-0.043775	 0.000372
0.045213	 -0.000384
-0.027755	 0.000236
Hessian diagonalization
 Eigenvalues --- 0.544868	0.503649	0.476234	0.155166	0.107509	0.097318	0.029751	0.025275	0.007876	0.005263	0.001542	0.000000	0.000000	0.000000	-0.000000	-0.000000	-0.000000	-0.000000	
rearranging order of eigenvalues and eigenstates

Hessian diagonalization
 Eigenvalues --- 0.545557	0.502306	0.474661	0.138598	0.106931	0.097024	0.030163	0.026168	0.008322	0.005669	0.001571	0.000000	0.000000	-0.000000	-0.000030	-0.000173	-0.000399	-0.019992	
rearranging order of eigenvalues and eigenstates

Coordinates mass weighted
Atom	     x	     y	     z
0	1.636066	8.071459	1.719266
1	0.428294	2.158360	2.394279
2	2.282074	2.158550	-0.120568
3	-0.526560	0.485621	-0.323008
4	-1.886697	-8.064072	-2.366720
5	-0.766032	-2.763293	1.069262
-0.052765	 0.000430
-0.080722	 0.000658
-0.039871	 0.000325
0.076476	 -0.000623
0.050406	 -0.000411
0.019629	 -0.000160
0.031946	 -0.000260
0.056275	 -0.000459
0.041086	 -0.000335
0.121258	 -0.000988
-0.938136	 0.007646
0.011108	 -0.000091
0.001641	 -0.000013
0.273115	 -0.002226
0.026073	 -0.000212
-0.039538	 0.000322
0.044311	 -0.000361
-0.027072	 0.000221
Hessian diagonalization
 Eigenvalues --- 0.545557	0.502306	0.474661	0.136003	0.106809	0.097005	0.029262	0.026124	0.008289	0.005591	0.001551	0.000000	0.000000	0.000000	-0.000000	-0.000000	-0.000000	-0.000000	
rearranging order of eigenvalues and eigenstates

Hessian diagonalization
 Eigenvalues --- 0.546298	0.501029	0.473125	0.122496	0.105683	0.096577	0.029148	0.026990	0.008724	0.005967	0.001572	0.000000	0.000000	0.000000	-0.000000	-0.000133	-0.000320	-0.031591	
rearranging order of eigenvalues and eigenstates

Coordinates mass weighted
Atom	     x	     y	     z
0	1.634710	8.069566	1.718278
1	0.430529	2.159844	2.394906
2	2.283038	2.160148	-0.119372
3	-0.523793	0.456600	-0.323330
4	-1.886634	-8.056119	-2.365963
5	-0.767193	-2.761980	1.068427
-0.037684	 0.000281
-0.048907	 0.000365
-0.027230	 0.000203
0.071422	 -0.000533
0.046284	 -0.000346
0.022083	 -0.000165
0.032750	 -0.000245
0.048525	 -0.000362
0.037366	 -0.000279
0.069018	 -0.000515
-0.954100	 0.007125
-0.024726	 0.000185
0.000759	 -0.000006
0.250723	 -0.001872
0.023375	 -0.000175
-0.035747	 0.000267
0.042764	 -0.000319
-0.026346	 0.000197
Hessian diagonalization
 Eigenvalues --- 0.546298	0.501029	0.473125	0.120971	0.105454	0.096540	0.028623	0.026943	0.008702	0.005909	0.001562	0.000000	-0.000000	-0.000000	-0.000000	-0.000000	-0.000000	-0.000000	
rearranging order of eigenvalues and eigenstates

Hessian diagonalization
 Eigenvalues --- 0.547080	0.499832	0.471655	0.112522	0.102675	0.095636	0.028208	0.027664	0.009106	0.006238	0.001581	0.000020	-0.000000	-0.000000	-0.000000	-0.000092	-0.000237	-0.045619	
rearranging order of eigenvalues and eigenstates

Coordinates mass weighted
Atom	     x	     y	     z
0	1.633801	8.068555	1.717646
1	0.432637	2.161205	2.395590
2	2.284027	2.161546	-0.118290
3	-0.522520	0.427227	-0.324676
4	-1.886624	-8.048810	-2.365277
5	-0.768214	-2.760715	1.067632
-0.024373	 0.000155
-0.021440	 0.000136
-0.016177	 0.000103
0.066739	 -0.000424
0.043265	 -0.000275
0.023913	 -0.000152
0.033149	 -0.000210
0.042640	 -0.000271
0.034006	 -0.000216
0.023639	 -0.000150
-0.963017	 0.006111
-0.055129	 0.000350
-0.000022	 0.000000
0.229948	 -0.001459
0.020889	 -0.000133
-0.032587	 0.000207
0.040964	 -0.000260
-0.025705	 0.000163
Hessian diagonalization
 Eigenvalues --- 0.547080	0.499832	0.471655	0.112102	0.102329	0.095541	0.028074	0.027517	0.009093	0.006202	0.001575	0.000000	0.000000	0.000000	-0.000000	-0.000000	-0.000000	-0.000000	
rearranging order of eigenvalues and eigenstates

Hessian diagonalization
 Eigenvalues --- 0.547892	0.498720	0.470259	0.108952	0.098981	0.092624	0.028537	0.027059	0.009450	0.006477	0.001592	0.000030	0.000000	-0.000000	-0.000000	-0.000055	-0.000154	-0.061419	
rearranging order of eigenvalues and eigenstates

Coordinates mass weighted
Atom	     x	     y	     z
0	1.633292	8.068281	1.717310
1	0.434588	2.162497	2.396316
2	2.285010	2.162781	-0.117298
3	-0.522542	0.397672	-0.326853
4	-1.886639	-8.042075	-2.364654
5	-0.769167	-2.759498	1.066859
-0.013251	 0.000063
0.001391	 -0.000007
-0.007014	 0.000033
0.062737	 -0.000297
0.041314	 -0.000196
0.025480	 -0.000121
0.033452	 -0.000158
0.038158	 -0.000181
0.031150	 -0.000147
-0.013946	 0.000066
-0.967051	 0.004578
-0.079600	 0.000377
-0.000710	 0.000003
0.211686	 -0.001002
0.018635	 -0.000088
-0.030021	 0.000142
0.039077	 -0.000185
-0.025120	 0.000119
Hessian diagonalization
 Eigenvalues --- 0.547892	0.498720	0.470258	0.108907	0.098904	0.092487	0.028537	0.026960	0.009444	0.006461	0.001590	0.000000	0.000000	0.000000	-0.000000	-0.000000	-0.000000	-0.000000	
rearranging order of eigenvalues and eigenstates

Hessian diagonalization
 Eigenvalues --- 0.548828	0.497719	0.468989	0.107616	0.097736	0.087836	0.029098	0.026220	0.009734	0.006690	0.001592	0.000023	0.000000	-0.000000	-0.000000	-0.000023	-0.000077	-0.077480	
rearranging order of eigenvalues and eigenstates

Coordinates mass weighted
Atom	     x	     y	     z
0	1.633101	8.068641	1.717308
1	0.436472	2.163789	2.396979
2	2.286040	2.163884	-0.116369
3	-0.523675	0.368060	-0.329699
4	-1.886691	-8.035870	-2.364127
5	-0.770033	-2.758339	1.066023
-0.013251	 0.000063
0.001391	 -0.000007
-0.007014	 0.000033
0.062737	 -0.000297
0.041314	 -0.000196
0.025480	 -0.000121
0.033452	 -0.000158
0.038158	 -0.000181
0.031150	 -0.000147
-0.013946	 0.000066
-0.967051	 0.004578
-0.079600	 0.000377
-0.000710	 0.000003
0.211686	 -0.001002
0.018635	 -0.000088
-0.030021	 0.000142
0.039077	 -0.000185
-0.025120	 0.000119
Hessian diagonalization
 Eigenvalues --- 0.548828	0.497719	0.468979	0.107597	0.097709	0.087730	0.029098	0.026215	0.009732	0.006689	0.001592	0.000000	0.000000	0.000000	-0.000000	-0.000000	-0.000000	-0.000000	
rearranging order of eigenvalues and eigenstates

Hessian diagonalization
 Eigenvalues --- 0.549698	0.496809	0.467781	0.106812	0.097319	0.083745	0.029557	0.025470	0.009970	0.006883	0.001604	0.000010	0.000001	0.000000	0.000000	-0.000000	-0.000000	-0.092010	
rearranging order of eigenvalues and eigenstates

Coordinates mass weighted
Atom	     x	     y	     z
0	1.633277	8.069858	1.717591
1	0.438169	2.164950	2.397738
2	2.286998	2.164950	-0.115534
3	-0.525999	0.338469	-0.333418
4	-1.886730	-8.030413	-2.363673
5	-0.770859	-2.757254	1.065284
-0.020156	 0.000126
-0.067465	 0.000423
-0.020812	 0.000130
-0.051181	 0.000321
-0.036438	 0.000228
-0.024365	 0.000153
-0.029453	 0.000185
-0.033389	 0.000209
-0.024283	 0.000152
0.117564	 -0.000737
0.962186	 -0.006031
0.148834	 -0.000933
0.003269	 -0.000020
-0.152415	 0.000955
-0.011693	 0.000073
0.025179	 -0.000158
-0.033694	 0.000211
0.023972	 -0.000150
Hessian diagonalization
 Eigenvalues --- 0.549698	0.496809	0.467769	0.106759	0.097264	0.083262	0.029554	0.025382	0.009970	0.006865	0.001603	0.000000	0.000000	0.000000	0.000000	-0.000000	-0.000000	-0.000000	
rearranging order of eigenvalues and eigenstates

Hessian diagonalization
 Eigenvalues --- 0.550567	0.495881	0.466582	0.106222	0.097132	0.080651	0.029883	0.024866	0.010137	0.007064	0.001616	0.000079	0.000014	0.000000	-0.000000	-0.000000	-0.000026	-0.103200	
rearranging order of eigenvalues and eigenstates

Coordinates mass weighted
Atom	     x	     y	     z
0	1.633491	8.071040	1.717878
1	0.439858	2.166102	2.398498
2	2.287947	2.166007	-0.114717
3	-0.528332	0.308869	-0.337154
4	-1.886803	-8.024918	-2.363215
5	-0.771674	-2.756159	1.064545
-0.020156	 0.000126
-0.067465	 0.000423
-0.020812	 0.000130
-0.051181	 0.000321
-0.036438	 0.000228
-0.024365	 0.000153
-0.029453	 0.000185
-0.033389	 0.000209
-0.024283	 0.000152
0.117564	 -0.000737
0.962186	 -0.006031
0.148834	 -0.000933
0.003269	 -0.000020
-0.152415	 0.000955
-0.011693	 0.000073
0.025179	 -0.000158
-0.033694	 0.000211
0.023972	 -0.000150
Hessian diagonalization
 Eigenvalues --- 0.550567	0.495881	0.466578	0.106218	0.097128	0.080621	0.029883	0.024864	0.010135	0.007063	0.001614	0.000000	0.000000	0.000000	0.000000	-0.000000	-0.000000	-0.000000	
rearranging order of eigenvalues and eigenstates

Hessian diagonalization
 Eigenvalues --- 0.551372	0.495031	0.465436	0.105778	0.097077	0.078331	0.030063	0.024340	0.010251	0.007239	0.001637	0.000154	0.000015	0.000000	0.000000	-0.000000	-0.000066	-0.110531	
rearranging order of eigenvalues and eigenstates

Coordinates mass weighted
Atom	     x	     y	     z
0	1.634025	8.073020	1.718433
1	0.441424	2.167145	2.399349
2	2.288849	2.167050	-0.114000
3	-0.531566	0.279369	-0.341558
4	-1.886913	-8.020156	-2.362849
5	-0.772461	-2.755096	1.063859
-0.020156	 0.000126
-0.067465	 0.000423
-0.020812	 0.000130
-0.051181	 0.000321
-0.036438	 0.000228
-0.024365	 0.000153
-0.029453	 0.000185
-0.033389	 0.000209
-0.024283	 0.000152
0.117564	 -0.000737
0.962186	 -0.006031
0.148834	 -0.000933
0.003269	 -0.000020
-0.152415	 0.000955
-0.011693	 0.000073
0.025179	 -0.000158
-0.033694	 0.000211
0.023972	 -0.000150
Hessian diagonalization
 Eigenvalues --- 0.551372	0.495031	0.465436	0.105771	0.097072	0.078252	0.030060	0.024301	0.010245	0.007221	0.001632	0.000000	0.000000	0.000000	0.000000	-0.000000	-0.000000	-0.000000	
rearranging order of eigenvalues and eigenstates

Hessian diagonalization
 Eigenvalues --- 0.552300	0.494253	0.464394	0.105466	0.097096	0.076576	0.030071	0.023889	0.010294	0.007414	0.001643	0.000214	0.000004	0.000000	-0.000000	-0.000000	-0.000118	-0.113146	
rearranging order of eigenvalues and eigenstates

Coordinates mass weighted
Atom	     x	     y	     z
0	1.634707	8.075256	1.719147
1	0.442973	2.168257	2.400128
2	2.289753	2.168048	-0.113277
3	-0.535386	0.249956	-0.346242
4	-1.887016	-8.015650	-2.362539
5	-0.773226	-2.754079	1.063140
-0.024765	 0.000240
-0.077938	 0.000756
-0.024784	 0.000240
-0.050463	 0.000489
-0.037144	 0.000360
-0.024841	 0.000241
-0.029618	 0.000287
-0.032825	 0.000318
-0.023581	 0.000229
0.132635	 -0.001287
0.959556	 -0.009307
0.157206	 -0.001525
0.003732	 -0.000036
-0.142175	 0.001379
-0.010124	 0.000098
0.024890	 -0.000241
-0.032676	 0.000317
0.023929	 -0.000232
Hessian diagonalization
 Eigenvalues --- 0.552300	0.494253	0.464394	0.105449	0.097086	0.076403	0.030064	0.023809	0.010283	0.007369	0.001635	0.000000	0.000000	0.000000	-0.000000	-0.000000	-0.000000	-0.000000	
rearranging order of eigenvalues and eigenstates

Hessian diagonalization
 Eigenvalues --- 0.553259	0.493505	0.463397	0.105298	0.097141	0.075220	0.029924	0.023502	0.010273	0.007598	0.001644	0.000265	0.000000	-0.000000	-0.000000	-0.000021	-0.000179	-0.110818	
rearranging order of eigenvalues and eigenstates

Coordinates mass weighted
Atom	     x	     y	     z
0	1.635560	8.077775	1.719931
1	0.444511	2.169407	2.400889
2	2.290664	2.169066	-0.112554
3	-0.539653	0.220658	-0.351154
4	-1.887162	-8.011447	-2.362231
5	-0.774003	-2.753081	1.062421
-0.029096	 0.000382
-0.087928	 0.001154
-0.028559	 0.000375
-0.050148	 0.000658
-0.037992	 0.000499
-0.025077	 0.000329
-0.029542	 0.000388
-0.032794	 0.000431
-0.023179	 0.000304
0.146476	 -0.001923
0.956641	 -0.012561
0.164819	 -0.002164
0.004199	 -0.000055
-0.132103	 0.001734
-0.008551	 0.000112
0.024943	 -0.000327
-0.031832	 0.000418
0.023956	 -0.000315
Hessian diagonalization
 Eigenvalues --- 0.553259	0.493505	0.463397	0.105266	0.097129	0.074937	0.029908	0.023370	0.010254	0.007510	0.001632	0.000000	0.000000	-0.000000	-0.000000	-0.000000	-0.000000	-0.000000	
rearranging order of eigenvalues and eigenstates

Hessian diagonalization
 Eigenvalues --- 0.554255	0.492785	0.462444	0.105294	0.097172	0.074218	0.029633	0.023194	0.010187	0.007799	0.001640	0.000305	0.000000	-0.000000	-0.000000	-0.000058	-0.000247	-0.103489	
rearranging order of eigenvalues and eigenstates

Coordinates mass weighted
Atom	     x	     y	     z
0	1.636465	8.080634	1.720860
1	0.446025	2.170573	2.401669
2	2.291571	2.170042	-0.111850
3	-0.544324	0.191413	-0.356311
4	-1.887253	-8.007559	-2.361993
5	-0.774766	-2.752124	1.061684
-0.033154	 0.000544
-0.097682	 0.001602
-0.032169	 0.000528
-0.050349	 0.000826
-0.039083	 0.000641
-0.025273	 0.000415
-0.029500	 0.000484
-0.033142	 0.000544
-0.023078	 0.000379
0.159555	 -0.002617
0.953432	 -0.015641
0.171730	 -0.002817
0.004657	 -0.000076
-0.121980	 0.002001
-0.006911	 0.000113
0.025322	 -0.000415
-0.031154	 0.000511
0.024064	 -0.000395
Hessian diagonalization
 Eigenvalues --- 0.554255	0.492785	0.462444	0.105239	0.097161	0.073774	0.029601	0.022985	0.010158	0.007646	0.001622	0.000000	0.000000	0.000000	-0.000000	-0.000000	-0.000000	-0.000000	
rearranging order of eigenvalues and eigenstates

Hessian diagonalization
 Eigenvalues --- 0.555296	0.492086	0.461528	0.105472	0.097169	0.073653	0.029224	0.023002	0.010039	0.008034	0.001629	0.000334	0.000000	0.000000	-0.000000	-0.000105	-0.000319	-0.091200	
rearranging order of eigenvalues and eigenstates

Coordinates mass weighted
Atom	     x	     y	     z
0	1.637566	8.083768	1.721891
1	0.447591	2.171793	2.402439
2	2.292474	2.171072	-0.111156
3	-0.549397	0.162298	-0.361650
4	-1.887437	-8.003983	-2.361798
5	-0.775533	-2.751189	1.060936
-0.037081	 0.000718
-0.107604	 0.002084
-0.035748	 0.000692
-0.051131	 0.000990
-0.040467	 0.000784
-0.025533	 0.000494
-0.029585	 0.000573
-0.033814	 0.000655
-0.023278	 0.000451
0.172596	 -0.003342
0.949772	 -0.018393
0.178274	 -0.003452
0.005092	 -0.000099
-0.111391	 0.002157
-0.005136	 0.000099
0.026054	 -0.000505
-0.030639	 0.000593
0.024246	 -0.000470
Hessian diagonalization
 Eigenvalues --- 0.555295	0.492086	0.461528	0.105377	0.097161	0.072936	0.029158	0.022667	0.010000	0.007778	0.001607	0.000000	0.000000	-0.000000	-0.000000	-0.000000	-0.000000	-0.000000	
rearranging order of eigenvalues and eigenstates

Hessian diagonalization
 Eigenvalues --- 0.556390	0.491402	0.460645	0.105826	0.097131	0.073732	0.028745	0.022980	0.009829	0.008326	0.001612	0.000349	0.000000	0.000000	-0.000000	-0.000160	-0.000393	-0.074560	
rearranging order of eigenvalues and eigenstates

Coordinates mass weighted
Atom	     x	     y	     z
0	1.638758	8.087178	1.723052
1	0.449163	2.173068	2.403244
2	2.293382	2.172139	-0.110427
3	-0.554863	0.133296	-0.367201
4	-1.887598	-8.000716	-2.361691
5	-0.776351	-2.750255	1.060204
-0.041047	 0.000897
-0.118159	 0.002583
-0.039456	 0.000862
-0.052578	 0.001149
-0.042216	 0.000923
-0.025923	 0.000567
-0.029854	 0.000653
-0.034811	 0.000761
-0.023795	 0.000520
0.186391	 -0.004074
0.945384	 -0.020664
0.184816	 -0.004040
0.005485	 -0.000120
-0.099811	 0.002182
-0.003143	 0.000069
0.027193	 -0.000594
-0.030290	 0.000662
0.024498	 -0.000535
Hessian diagonalization
 Eigenvalues --- 0.556389	0.491401	0.460644	0.105659	0.097122	0.072497	0.028600	0.022424	0.009782	0.007901	0.001583	0.000000	0.000000	0.000000	-0.000000	-0.000000	-0.000000	-0.000000	
rearranging order of eigenvalues and eigenstates

Hessian diagonalization
 Eigenvalues --- 0.557547	0.490727	0.459791	0.106359	0.097079	0.074875	0.028303	0.023188	0.009559	0.008713	0.001587	0.000350	0.000000	0.000000	-0.000000	-0.000222	-0.000466	-0.054928	
rearranging order of eigenvalues and eigenstates

Coordinates mass weighted
Atom	     x	     y	     z
0	1.640078	8.090980	1.724314
1	0.450807	2.174373	2.404038
2	2.294305	2.173215	-0.109690
3	-0.560789	0.104455	-0.372952
4	-1.887774	-7.997863	-2.361627
5	-0.777211	-2.749330	1.059461
-0.045244	 0.001074
-0.129872	 0.003084
-0.043478	 0.001032
-0.054802	 0.001301
-0.044421	 0.001055
-0.026500	 0.000629
-0.030356	 0.000721
-0.036168	 0.000859
-0.024655	 0.000585
0.201794	 -0.004792
0.939851	 -0.022317
0.191700	 -0.004552
0.005820	 -0.000138
-0.086614	 0.002057
-0.000826	 0.000020
0.028829	 -0.000685
-0.030111	 0.000715
0.024812	 -0.000589
Hessian diagonalization
 Eigenvalues --- 0.557546	0.490727	0.459791	0.106047	0.097055	0.072588	0.027953	0.022250	0.009504	0.008004	0.001551	0.000000	0.000000	0.000000	-0.000000	-0.000000	-0.000000	-0.000000	
rearranging order of eigenvalues and eigenstates

Hessian diagonalization
 Eigenvalues --- 0.558778	0.490058	0.458963	0.107203	0.097081	0.077997	0.028233	0.023622	0.009330	0.009154	0.001554	0.000335	0.000000	-0.000000	-0.000000	-0.000288	-0.000537	-0.034614	
rearranging order of eigenvalues and eigenstates

Coordinates mass weighted
Atom	     x	     y	     z
0	1.641497	8.095157	1.725716
1	0.452516	2.175778	2.404850
2	2.295236	2.174336	-0.108934
3	-0.567219	0.075791	-0.378931
4	-1.887921	-7.995439	-2.361640
5	-0.778120	-2.748418	1.058699
-0.049911	 0.001244
-0.143403	 0.003574
-0.048043	 0.001197
-0.057957	 0.001444
-0.047213	 0.001177
-0.027320	 0.000681
-0.031140	 0.000776
-0.037949	 0.000946
-0.025895	 0.000645
0.219865	 -0.005479
0.932511	 -0.023238
0.199303	 -0.004967
0.006071	 -0.000151
-0.070965	 0.001768
0.001965	 -0.000049
0.031090	 -0.000775
-0.030102	 0.000750
0.025165	 -0.000627
Hessian diagonalization
 Eigenvalues --- 0.558777	0.490058	0.458963	0.106537	0.096991	0.073471	0.027253	0.022126	0.009165	0.008066	0.001509	0.000000	0.000000	-0.000000	-0.000000	-0.000000	-0.000000	-0.000000	
rearranging order of eigenvalues and eigenstates

Hessian diagonalization
 Eigenvalues --- 0.560096	0.489390	0.458158	0.109088	0.097379	0.084610	0.029434	0.023859	0.010058	0.008813	0.001517	0.000304	0.000000	0.000000	-0.000000	-0.000355	-0.000603	-0.017043	
rearranging order of eigenvalues and eigenstates

Coordinates mass weighted
Atom	     x	     y	     z
0	1.643132	8.099766	1.727253
1	0.454358	2.177280	2.405699
2	2.296205	2.175535	-0.108124
3	-0.574255	0.047395	-0.385159
4	-1.888139	-7.993536	-2.361735
5	-0.779124	-2.747485	1.057916
-0.055364	 0.001401
-0.159662	 0.004041
-0.053469	 0.001353
-0.062274	 0.001576
-0.050782	 0.001285
-0.028458	 0.000720
-0.032271	 0.000817
-0.040262	 0.001019
-0.027570	 0.000698
0.242079	 -0.006126
0.922226	 -0.023339
0.208134	 -0.005267
0.006189	 -0.000157
-0.051654	 0.001307
0.005442	 -0.000138
0.034180	 -0.000865
-0.030263	 0.000766
0.025519	 -0.000646
Hessian diagonalization
 Eigenvalues --- 0.560094	0.489390	0.458158	0.107221	0.096985	0.075684	0.026558	0.022012	0.008772	0.008058	0.001456	0.000000	0.000000	0.000000	-0.000000	-0.000000	-0.000000	-0.000000	
rearranging order of eigenvalues and eigenstates

step 10 dffv_n= -0.231152
step 0 curvature 1.420359e+00
step 1 curvature 1.872582e+00
step 2 curvature 2.327714e+00
step 3 curvature 2.622968e+00
step 4 curvature 2.756716e+00
step 5 curvature 2.649520e+00
step 6 curvature 2.328755e+00
step 7 curvature 1.941384e+00
step 8 curvature 1.511954e+00
step 9 curvature 1.188809e+00
step 10 curvature 5.596812e-01
step 11 curvature 4.937689e-01
step 12 curvature 7.837560e-01
step 13 curvature 7.448381e-01
step 14 curvature 7.060164e-01
step 15 curvature 6.968042e-01
step 16 curvature 7.253589e-01
step 17 curvature 7.957809e-01
step 18 curvature 9.155964e-01
step 19 curvature 1.102746e+00
step 20 curvature 1.389208e+00
step 0 t_average 3.336487e+29
step 1 t_average 5.996799e+29
step 2 t_average 8.893060e+29
step 3 t_average 1.030802e+30
step 4 t_average 1.009505e+30
step 5 t_average 8.123900e+29
step 6 t_average 5.458653e+29
step 7 t_average 3.344845e+29
step 8 t_average 1.926849e+29
step 9 t_average 2.082394e+29
step 10 t_average 2.172953e+28
step 11 t_average 4.100382e+28
step 12 t_average 3.854518e+28
step 13 t_average 3.179291e+28
step 14 t_average 2.776776e+28
step 15 t_average 2.642153e+28
step 16 t_average 2.832360e+28
step 17 t_average 3.436273e+28
step 18 t_average 4.681914e+28
step 19 t_average 7.153707e+28
step 20 t_average 1.230391e+29
step 0 newcurvature 1.420359e+00
step 0 tparam 2.361506e-01
step 0 aparam 3.354185e-01
step 1 newcurvature 1.872582e+00
step 1 tparam 2.341817e-01
step 1 aparam 4.385244e-01
step 2 newcurvature 2.327714e+00
step 2 tparam 2.365998e-01
step 2 aparam 5.507366e-01
step 3 newcurvature 2.622968e+00
step 3 tparam 2.420556e-01
step 3 aparam 6.349041e-01
step 4 newcurvature 2.756716e+00
step 4 tparam 2.494487e-01
step 4 aparam 6.876593e-01
step 5 newcurvature 2.649520e+00
step 5 tparam 2.581992e-01
step 5 aparam 6.841038e-01
step 6 newcurvature 2.231552e+00
step 6 tparam 2.501374e-01
step 6 aparam 5.581947e-01
step 7 newcurvature 1.813584e+00
step 7 tparam 2.416481e-01
step 7 aparam 4.382491e-01
step 8 newcurvature 1.395617e+00
step 8 tparam 2.333288e-01
step 8 aparam 3.256375e-01
step 9 newcurvature 9.776489e-01
step 9 tparam 2.286490e-01
step 9 aparam 2.235384e-01
step 10 newcurvature 5.596812e-01
step 10 tparam 2.934406e-01
step 10 aparam 1.642332e-01
step 11 newcurvature 5.871058e-01
step 11 tparam 2.973840e-01
step 11 aparam 1.745959e-01
step 12 newcurvature 6.145304e-01
step 12 tparam 3.011806e-01
step 12 aparam 1.850846e-01
step 13 newcurvature 6.419550e-01
step 13 tparam 3.048422e-01
step 13 aparam 1.956950e-01
step 14 newcurvature 6.693796e-01
step 14 tparam 3.083795e-01
step 14 aparam 2.064229e-01
step 15 newcurvature 6.968042e-01
step 15 tparam 3.118016e-01
step 15 aparam 2.172646e-01
step 16 newcurvature 7.253589e-01
step 16 tparam 3.126452e-01
step 16 aparam 2.267800e-01
step 17 newcurvature 7.957809e-01
step 17 tparam 3.120234e-01
step 17 aparam 2.483023e-01
step 18 newcurvature 9.155964e-01
step 18 tparam 3.097837e-01
step 18 aparam 2.836368e-01
step 19 newcurvature 1.102746e+00
step 19 tparam 3.057859e-01
step 19 aparam 3.372042e-01
step 20 newcurvature 1.389208e+00
step 20 tparam 2.996990e-01
step 20 aparam 4.163442e-01
step is 2 tdev -1.234325e-01
step is 3 tdev -2.146312e-01
step is 4 tdev -3.149996e-01
step is 5 tdev -1.612162e-02
step is 6 tdev 3.168202e-01
step is 7 tdev 2.858203e-01
step is 8 tdev 4.012312e-01
step is 9 tdev -1.158028e+00
step is 10 tdev -1.312929e+00
step is 11 tdev 3.887382e-02
step is 12 tdev -1.218250e-01
step is 13 tdev -1.175940e-01
step is 14 tdev -1.204076e-01
step is 15 tdev -7.339083e-02
step is 16 tdev -1.009917e-03
step is 17 tdev 4.596692e-02
step is 18 tdev 1.006551e-01
Energy_check[0]=-0.002090
Energy_check[1]=-0.001830
Energy_check[2]=-0.001560
Energy_check[3]=-0.001300
Energy_check[4]=-0.001030
Energy_check[5]=-0.000780
Energy_check[6]=-0.000540
Energy_check[7]=-0.000330
Energy_check[8]=-0.000150
Energy_check[9]=-0.000040
Energy_check[10]=0.000000
Energy_check[11]=-0.000040
Energy_check[12]=-0.000190
Energy_check[13]=-0.000430
Energy_check[14]=-0.000780
Energy_check[15]=-0.001230
Energy_check[16]=-0.001780
Energy_check[17]=-0.002410
Energy_check[18]=-0.003110
Energy_check[19]=-0.003860
Energy_check[20]=-0.004630
Energy[0]=9264.266418
Energy[1]=9280.743716
Energy[2]=9291.241379
Energy[3]=9292.420611
Energy[4]=9293.379306
Energy[5]=9290.548412
Energy[6]=9291.274836
Energy[7]=9294.691802
Energy[8]=9300.470416
Energy[9]=9297.470926
Energy[10]=9282.007571
Energy[11]=9260.025135
Energy[12]=9213.090012
Energy[13]=9147.612553
Energy[14]=9058.619573
Energy[15]=8947.961065
Energy[16]=8815.977696
Energy[17]=8667.458607
Energy[18]=8505.021148
Energy[19]=8334.124635
Energy[20]=8164.065139
Emax=9282
 Emax is : 9282 
Energy[0]=9264.266418	Energy[MAXSTEP-1]=8164.065139	E0=9264
at step = 0.000000 Rx_coord = -0.305890 Energy[0]=9264.266418
at step = 1.000000 Rx_coord = -0.275300 Energy[1]=9280.743716
at step = 2.000000 Rx_coord = -0.244710 Energy[2]=9291.241379
at step = 3.000000 Rx_coord = -0.214120 Energy[3]=9292.420611
at step = 4.000000 Rx_coord = -0.183540 Energy[4]=9293.379306
at step = 5.000000 Rx_coord = -0.152960 Energy[5]=9290.548412
at step = 6.000000 Rx_coord = -0.122370 Energy[6]=9291.274836
at step = 7.000000 Rx_coord = -0.091780 Energy[7]=9294.691802
at step = 8.000000 Rx_coord = -0.061190 Energy[8]=9300.470416
at step = 9.000000 Rx_coord = -0.030600 Energy[9]=9297.470926
at step = 10.000000 Rx_coord = 0.000000 Energy[10]=9282.007571
at step = 11.000000 Rx_coord = 0.030600 Energy[11]=9260.025135
at step = 12.000000 Rx_coord = 0.061190 Energy[12]=9213.090012
at step = 13.000000 Rx_coord = 0.091790 Energy[13]=9147.612553
at step = 14.000000 Rx_coord = 0.122380 Energy[14]=9058.619573
at step = 15.000000 Rx_coord = 0.152980 Energy[15]=8947.961065
at step = 16.000000 Rx_coord = 0.183580 Energy[16]=8815.977696
at step = 17.000000 Rx_coord = 0.214170 Energy[17]=8667.458607
at step = 18.000000 Rx_coord = 0.244770 Energy[18]=8505.021148
at step = 19.000000 Rx_coord = 0.275360 Energy[19]=8334.124635
at step = 20.000000 Rx_coord = 0.305960 Energy[20]=8164.065139
sl=0.0000000 sr=10.8718700 	E_sl=9270.246	E_sr=9264.000	9264	1.347164e-26	4.330463e-01
sl=0.0000000 sr=10.8350136 	E_sl=9270.246	E_sr=9265.048	9265	1.320084e-26	4.343765e-01
sl=0.0000000 sr=10.7902384 	E_sl=9270.246	E_sr=9266.268	9266	1.292586e-26	4.357283e-01
sl=0.0000000 sr=10.7527656 	E_sl=9270.246	E_sr=9267.248	9267	1.263595e-26	4.371544e-01
sl=0.0000000 sr=10.7203632 	E_sl=9270.246	E_sr=9268.065	9268	1.233876e-26	4.386174e-01
sl=0.0000000 sr=10.6732840 	E_sl=9270.246	E_sr=9269.208	9269	1.200723e-26	4.402507e-01
sl=0.0000000 sr=10.6288567 	E_sl=9270.246	E_sr=9270.240	9270	1.167589e-26	4.418844e-01
sl=0.1275463 sr=10.5934618 	E_sl=9271.050	E_sr=9271.033	9271	1.128062e-26	4.438349e-01
sl=0.2511820 sr=10.5388123 	E_sl=9272.038	E_sr=9272.210	9272	1.084903e-26	4.459667e-01
sl=0.3600671 sr=10.4942296 	E_sl=9273.055	E_sr=9273.130	9273	1.045466e-26	4.479163e-01
sl=0.4560373 sr=10.4434848 	E_sl=9274.049	E_sr=9274.140	9274	1.003956e-26	4.499702e-01
sl=0.5493096 sr=10.3920755 	E_sl=9275.090	E_sr=9275.128	9275	9.642439e-27	4.519367e-01
sl=0.6299370 sr=10.3442466 	E_sl=9276.038	E_sr=9276.018	9276	9.233269e-27	4.539644e-01
sl=0.7091446 sr=10.2856904 	E_sl=9277.006	E_sr=9277.077	9277	8.821507e-27	4.560065e-01
sl=0.7948533 sr=10.2319233 	E_sl=9278.085	E_sr=9278.026	9278	8.408496e-27	4.580563e-01
sl=0.8682104 sr=10.1665731 	E_sl=9279.027	E_sr=9279.158	9279	7.991875e-27	4.601255e-01
sl=0.9484330 sr=10.1158405 	E_sl=9280.070	E_sr=9280.027	9280	7.559404e-27	4.622748e-01
sl=1.0267496 sr=10.0533628 	E_sl=9281.093	E_sr=9281.093	9281	7.133312e-27	4.643938e-01
T=50.0  kSCT=3.969024e-114/3.499899e-114=1.134039 var corr 1.697890 stepmin 8 Emax 9282 
T=90.0  kSCT=2.354659e-62/2.256916e-62=1.043308 var corr 1.339726 stepmin 8 Emax 9282 
T=130.0  kSCT=2.244832e-42/2.196594e-42=1.021960 var corr 1.220790 stepmin 8 Emax 9282 
T=170.0  kSCT=9.153177e-32/9.030554e-32=1.013579 var corr 1.159726 stepmin 8 Emax 9282 
T=210.0  kSCT=3.547892e-25/3.514890e-25=1.009389 var corr 1.121718 stepmin 8 Emax 9282 
T=250.0  kSCT=1.105556e-20/1.097900e-20=1.006974 var corr 1.095549 stepmin 8 Emax 9282 
T=290.0  kSCT=2.029052e-17/2.018068e-17=1.005443 var corr 1.076448 stepmin 8 Emax 9282 
T=330.0  kSCT=6.125457e-15/6.098596e-15=1.004404 var corr 1.061993 stepmin 8 Emax 9282 
T=370.0  kSCT=5.451770e-13/5.431867e-13=1.003664 var corr 1.051200 stepmin 9 Emax 9282 
T=410.0  kSCT=2.042563e-11/2.036221e-11=1.003115 var corr 1.044489 stepmin 9 Emax 9282 
T=450.0  kSCT=4.053603e-10/4.042712e-10=1.002694 var corr 1.039105 stepmin 9 Emax 9282 
T=490.0  kSCT=4.975171e-09/4.963438e-09=1.002364 var corr 1.034730 stepmin 9 Emax 9282 
T=530.0  kSCT=4.208116e-08/4.199302e-08=1.002099 var corr 1.031138 stepmin 9 Emax 9282 
T=570.0  kSCT=2.651735e-07/2.646753e-07=1.001882 var corr 1.028163 stepmin 9 Emax 9282 
T=610.0  kSCT=1.318656e-06/1.316414e-06=1.001703 var corr 1.025679 stepmin 9 Emax 9282 
T=650.0  kSCT=5.404477e-06/5.396104e-06=1.001552 var corr 1.023591 stepmin 9 Emax 9282 
T=690.0  kSCT=1.887556e-05/1.884873e-05=1.001423 var corr 1.021826 stepmin 9 Emax 9282 
T=730.0  kSCT=5.766405e-05/5.758844e-05=1.001313 var corr 1.020324 stepmin 9 Emax 9282 
T=770.0  kSCT=1.573108e-04/1.571195e-04=1.001217 var corr 1.019040 stepmin 9 Emax 9282 
T=810.0  kSCT=3.896551e-04/3.892139e-04=1.001134 var corr 1.017937 stepmin 9 Emax 9282 
T=850.0  kSCT=8.882551e-04/8.873147e-04=1.001060 var corr 1.016986 stepmin 9 Emax 9282 
T=890.0  kSCT=1.884290e-03/1.882418e-03=1.000995 var corr 1.016163 stepmin 9 Emax 9282 
T=930.0  kSCT=3.754074e-03/3.750562e-03=1.000936 var corr 1.015447 stepmin 9 Emax 9282 
T=970.0  kSCT=7.078477e-03/7.072225e-03=1.000884 var corr 1.014824 stepmin 9 Emax 9282 
T=1010.0  kSCT=1.271364e-02/1.270301e-02=1.000837 var corr 1.014279 stepmin 9 Emax 9282 
T=1050.0  kSCT=2.187149e-02/2.185413e-02=1.000794 var corr 1.013801 stepmin 9 Emax 9282 
T=1090.0  kSCT=3.620779e-02/3.618044e-02=1.000756 var corr 1.013381 stepmin 9 Emax 9282 
T=1130.0  kSCT=5.791501e-02/5.787332e-02=1.000720 var corr 1.013012 stepmin 9 Emax 9282 
T=1170.0  kSCT=8.981695e-02/8.975518e-02=1.000688 var corr 1.012686 stepmin 9 Emax 9282 
T=1210.0  kSCT=1.354619e-01/1.353727e-01=1.000658 var corr 1.012398 stepmin 9 Emax 9282 
T=1250.0  kSCT=1.992114e-01/1.990858e-01=1.000631 var corr 1.012143 stepmin 9 Emax 9282 
T=1290.0  kSCT=2.863223e-01/2.861489e-01=1.000606 var corr 1.011917 stepmin 9 Emax 9282 
T=1330.0  kSCT=4.030186e-01/4.027840e-01=1.000582 var corr 1.011717 stepmin 9 Emax 9282 
T=1370.0  kSCT=5.565533e-01/5.562415e-01=1.000561 var corr 1.011539 stepmin 9 Emax 9282 
T=1410.0  kSCT=7.552570e-01/7.548492e-01=1.000540 var corr 1.011381 stepmin 9 Emax 9282 
T=1450.0  kSCT=1.008574e+00/1.008048e+00=1.000521 var corr 1.011241 stepmin 9 Emax 9282 
T=1490.0  kSCT=1.327082e+00/1.326414e+00=1.000504 var corr 1.011116 stepmin 9 Emax 9282 
T=1530.0  kSCT=1.722507e+00/1.721668e+00=1.000487 var corr 1.011005 stepmin 9 Emax 9282 
T=1570.0  kSCT=2.207710e+00/2.206669e+00=1.000472 var corr 1.010907 stepmin 9 Emax 9282 
T=1610.0  kSCT=2.796678e+00/2.795401e+00=1.000457 var corr 1.010819 stepmin 9 Emax 9282 
T=1650.0  kSCT=3.504493e+00/3.502941e+00=1.000443 var corr 1.010742 stepmin 9 Emax 9282 
