main: IMPOSSIBILE APRIRE IL FILE: RPHt_input_data.dat
Program now exits
